Component: ARM Compiler 5.06 update 6 (build 750) Tool: armlink [4d35ed]

==============================================================================

Section Cross References

    system_stm32f10x.o(.text) refers to system_stm32f10x.o(.data) for .data
    startup_stm32f10x_md.o(STACK) refers (Special) to heapauxi.o(.text) for __use_two_region_memory
    startup_stm32f10x_md.o(HEAP) refers (Special) to heapauxi.o(.text) for __use_two_region_memory
    startup_stm32f10x_md.o(RESET) refers (Special) to heapauxi.o(.text) for __use_two_region_memory
    startup_stm32f10x_md.o(RESET) refers to startup_stm32f10x_md.o(STACK) for __initial_sp
    startup_stm32f10x_md.o(RESET) refers to startup_stm32f10x_md.o(.text) for Reset_Handler
    startup_stm32f10x_md.o(RESET) refers to stm32f10x_it.o(.text) for NMI_Handler
    startup_stm32f10x_md.o(RESET) refers to ads1292.o(.text) for EXTI9_5_IRQHandler
    startup_stm32f10x_md.o(RESET) refers to timer.o(.text) for TIM2_IRQHandler
    startup_stm32f10x_md.o(RESET) refers to usart.o(.text) for USART1_IRQHandler
    startup_stm32f10x_md.o(.text) refers (Special) to heapauxi.o(.text) for __use_two_region_memory
    startup_stm32f10x_md.o(.text) refers to system_stm32f10x.o(.text) for SystemInit
    startup_stm32f10x_md.o(.text) refers to __main.o(!!!main) for __main
    startup_stm32f10x_md.o(.text) refers to startup_stm32f10x_md.o(HEAP) for Heap_Mem
    startup_stm32f10x_md.o(.text) refers to startup_stm32f10x_md.o(STACK) for Stack_Mem
    stm32f10x_gpio.o(.text) refers to stm32f10x_rcc.o(.text) for RCC_APB2PeriphResetCmd
    stm32f10x_rcc.o(.text) refers to stm32f10x_rcc.o(.data) for .data
    stm32f10x_usart.o(.text) refers to stm32f10x_rcc.o(.text) for RCC_APB2PeriphResetCmd
    stm32f10x_adc.o(.text) refers to stm32f10x_rcc.o(.text) for RCC_APB2PeriphResetCmd
    stm32f10x_bkp.o(.text) refers to stm32f10x_rcc.o(.text) for RCC_BackupResetCmd
    stm32f10x_can.o(.text) refers to stm32f10x_rcc.o(.text) for RCC_APB1PeriphResetCmd
    stm32f10x_dac.o(.text) refers to stm32f10x_rcc.o(.text) for RCC_APB1PeriphResetCmd
    stm32f10x_i2c.o(.text) refers to stm32f10x_rcc.o(.text) for RCC_APB1PeriphResetCmd
    stm32f10x_pwr.o(.text) refers to stm32f10x_rcc.o(.text) for RCC_APB1PeriphResetCmd
    stm32f10x_spi.o(.text) refers to stm32f10x_rcc.o(.text) for RCC_APB2PeriphResetCmd
    stm32f10x_tim.o(.text) refers to stm32f10x_rcc.o(.text) for RCC_APB1PeriphResetCmd
    stm32f10x_wwdg.o(.text) refers to stm32f10x_rcc.o(.text) for RCC_APB1PeriphResetCmd
    stm32f10x_cec.o(.text) refers to stm32f10x_rcc.o(.text) for RCC_APB1PeriphResetCmd
    main.o(.text) refers to faddsub_clz.o(x$fpl$fadd) for __aeabi_fadd
    main.o(.text) refers to fdiv.o(x$fpl$fdiv) for __aeabi_fdiv
    main.o(.text) refers to faddsub_clz.o(x$fpl$fsub) for __aeabi_fsub
    main.o(.text) refers to fmul.o(x$fpl$fmul) for __aeabi_fmul
    main.o(.text) refers to system_stm32f10x.o(.text) for SystemInit
    main.o(.text) refers to delay.o(.text) for delay_init
    main.o(.text) refers to usart.o(.text) for uart1_init
    main.o(.text) refers to dma.o(.text) for DMA_Config
    main.o(.text) refers to stm32f10x_usart.o(.text) for USART_DMACmd
    main.o(.text) refers to led.o(.text) for LED_Init
    main.o(.text) refers to ads1292.o(.text) for ADS1292_Init
    main.o(.text) refers to __2printf.o(.text) for __2printf
    main.o(.text) refers to timer.o(.text) for TIM2_Init
    main.o(.text) refers to fflt_clz.o(x$fpl$fflt) for __aeabi_i2f
    main.o(.text) refers to ffix.o(x$fpl$ffix) for __aeabi_f2iz
    main.o(.text) refers to fflt_clz.o(x$fpl$ffltu) for __aeabi_ui2f
    main.o(.text) refers to ffixu.o(x$fpl$ffixu) for __aeabi_f2uiz
    main.o(.text) refers to fleqf.o(x$fpl$fleqf) for __aeabi_cfcmple
    main.o(.text) refers to frleqf.o(x$fpl$frleqf) for __aeabi_cfrcmple
    main.o(.text) refers to valuepack.o(.text) for startValuePack
    main.o(.text) refers to main.o(.data) for .data
    main.o(.text) refers to main.o(.bss) for .bss
    main.o(.text) refers to timer.o(.data) for cnt_time2
    main.o(.text) refers to ads1292.o(.data) for ads1292_recive_flag
    main.o(.text) refers to ads1292.o(.bss) for ads1292_Cache
    main.o(.text) refers to usart.o(.data) for percent
    delay.o(.text) refers to misc.o(.text) for SysTick_CLKSourceConfig
    delay.o(.text) refers to system_stm32f10x.o(.data) for SystemCoreClock
    delay.o(.text) refers to delay.o(.data) for .data
    usart.o(.text) refers (Special) to use_no_semi_2.o(.text) for __use_no_semihosting
    usart.o(.text) refers to stm32f10x_rcc.o(.text) for RCC_APB2PeriphClockCmd
    usart.o(.text) refers to stm32f10x_gpio.o(.text) for GPIO_Init
    usart.o(.text) refers to misc.o(.text) for NVIC_PriorityGroupConfig
    usart.o(.text) refers to stm32f10x_usart.o(.text) for USART_Init
    usart.o(.text) refers to vsprintf.o(.text) for vsprintf
    usart.o(.text) refers to strlen.o(.text) for strlen
    usart.o(.text) refers to usart.o(.data) for .data
[...]
    x$fpl$usenofp                            0x08004d92   Section        0  usenofp.o(x$fpl$usenofp)
    uc_hextab                                0x08004d92   Data          20  _printf_hex_int_ll_ptr.o(.constdata)
    lc_hextab                                0x08004da6   Data          20  _printf_hex_int_ll_ptr.o(.constdata)
    .constdata                               0x08004dba   Section       17  __printf_flags_ss_wp.o(.constdata)
    maptable                                 0x08004dba   Data          17  __printf_flags_ss_wp.o(.constdata)
    .constdata                               0x08004dcc   Section        8  _printf_wctomb.o(.constdata)
    initial_mbstate                          0x08004dcc   Data           8  _printf_wctomb.o(.constdata)
    .constdata                               0x08004dd4   Section       38  _printf_fp_hex.o(.constdata)
    lc_hextab                                0x08004dd4   Data          19  _printf_fp_hex.o(.constdata)
    uc_hextab                                0x08004de7   Data          19  _printf_fp_hex.o(.constdata)
    .constdata                               0x08004dfc   Section      148  bigflt0.o(.constdata)
    tenpwrs_x                                0x08004dfc   Data          60  bigflt0.o(.constdata)
    tenpwrs_i                                0x08004e38   Data          64  bigflt0.o(.constdata)
    locale$$data                             0x08004eb0   Section       28  lc_numeric_c.o(locale$$data)
    __lcnum_c_name                           0x08004eb4   Data           2  lc_numeric_c.o(locale$$data)
    __lcnum_c_start                          0x08004ebc   Data           0  lc_numeric_c.o(locale$$data)
    __lcnum_c_point                          0x08004ec8   Data           0  lc_numeric_c.o(locale$$data)
    __lcnum_c_thousands                      0x08004eca   Data           0  lc_numeric_c.o(locale$$data)
    __lcnum_c_grouping                       0x08004ecb   Data           0  lc_numeric_c.o(locale$$data)
    locale$$data                             0x08004ecc   Section      272  lc_ctype_c.o(locale$$data)
    __lcnum_c_end                            0x08004ecc   Data           0  lc_numeric_c.o(locale$$data)
    __lcctype_c_name                         0x08004ed0   Data           2  lc_ctype_c.o(locale$$data)
    __lcctype_c_start                        0x08004ed8   Data           0  lc_ctype_c.o(locale$$data)
    __lcctype_c_end                          0x08004fdc   Data           0  lc_ctype_c.o(locale$$data)
    .data                                    0x20000000   Section       20  system_stm32f10x.o(.data)
    .data                                    0x20000014   Section       20  stm32f10x_rcc.o(.data)
    ADCPrescTable                            0x20000014   Data           4  stm32f10x_rcc.o(.data)
    APBAHBPrescTable                         0x20000018   Data          16  stm32f10x_rcc.o(.data)
    .data                                    0x20000028   Section      260  main.o(.data)
    prevData                                 0x20000038   Data           4  main.o(.data)
    kalman_p                                 0x2000003c   Data           4  main.o(.data)
    kalman_q                                 0x20000040   Data           4  main.o(.data)
    kalman_r                                 0x20000044   Data           4  main.o(.data)
    kGain                                    0x20000048   Data           4  main.o(.data)
    .data                                    0x2000012c   Section        4  delay.o(.data)
    fac_us                                   0x2000012c   Data           1  delay.o(.data)
    fac_ms                                   0x2000012e   Data           2  delay.o(.data)
    .data                                    0x20000130   Section        6  usart.o(.data)
    .data                                    0x20000138   Section        4  usart.o(.data)
    .data                                    0x2000013c   Section       16  timer.o(.data)
    .data                                    0x2000014c   Section       32  ads1292.o(.data)
    .data                                    0x2000016c   Section       12  valuepack.o(.data)
    .bss                                     0x20000178   Section      312  main.o(.bss)
    .bss                                     0x200002b0   Section      530  usart.o(.bss)
    .bss                                     0x200004c2   Section       21  ads1292.o(.bss)
    .bss                                     0x200004d8   Section       96  libspace.o(.bss)
    HEAP                                     0x20000538   Section        0  startup_stm32f10x_md.o(HEAP)
    STACK                                    0x20000538   Section      512  startup_stm32f10x_md.o(STACK)
    Heap_Mem                                 0x20000538   Data           0  startup_stm32f10x_md.o(HEAP)
    Stack_Mem                                0x20000538   Data         512  startup_stm32f10x_md.o(STACK)
    __initial_sp                             0x20000738   Data           0  startup_stm32f10x_md.o(STACK)

    Global Symbols

    Symbol Name                              Value     Ov Type        Size  Object(Section)

    BuildAttributes$$THM_ISAv4$P$D$K$B$S$PE$A:L22UL41UL21$X:L11$S22US41US21$IEEE1$IW$USESV6$~STKCKD$USESV7$~SHL$OTIME$ROPI$IEEEJ$EBA8$UX$STANDARDLIB$REQ8$PRES8$EABIv2 0x00000000   Number         0  anon$$obj.o ABSOLUTE
    __ARM_use_no_argv                        0x00000000   Number         0  main.o ABSOLUTE
    _printf_flags                            0x00000000   Number         0  printf_stubs.o ABSOLUTE
    _printf_return_value                     0x00000000   Number         0  printf_stubs.o ABSOLUTE
    _printf_sizespec                         0x00000000   Number         0  printf_stubs.o ABSOLUTE
    _printf_widthprec                        0x00000000   Number         0  printf_stubs.o ABSOLUTE
    __ARM_exceptions_init                     - Undefined Weak Reference
    __alloca_initialize                       - Undefined Weak Reference
    __arm_preinit_                            - Undefined Weak Reference
    __cpp_initialize__aeabi_                  - Undefined Weak Reference
    __cxa_finalize                            - Undefined Weak Reference
    __sigvec_lookup                           - Undefined Weak Reference
    _atexit_init                              - Undefined Weak Reference
    _call_atexit_fns                          - Undefined Weak Reference
    _clock_init                               - Undefined Weak Reference
    _fp_trap_init                             - Undefined Weak Reference
    _fp_trap_shutdown                         - Undefined Weak Reference
    _get_lc_collate                           - Undefined Weak Reference
    _get_lc_monetary                          - Undefined Weak Reference
    _get_lc_time                              - Undefined Weak Reference
    _getenv_init                              - Undefined Weak Reference
    _handle_redirection                       - Undefined Weak Reference
    _init_alloc                               - Undefined Weak Reference
    _init_user_alloc                          - Undefined Weak Reference
    _initio                                   - Undefined Weak Reference
    _mutex_acquire                            - Undefined Weak Reference
    _mutex_release                            - Undefined Weak Reference
    _printf_mbtowc                            - Undefined Weak Reference
    _printf_wc                                - Undefined Weak Reference
    _rand_init                                - Undefined Weak Reference
    _signal_finish                            - Undefined Weak Reference
    _signal_init                              - Undefined Weak Reference
    _terminate_alloc                          - Undefined Weak Reference
    _terminate_user_alloc                     - Undefined Weak Reference
    _terminateio                              - Undefined Weak Reference
    __Vectors_Size                           0x000000ec   Number         0  startup_stm32f10x_md.o ABSOLUTE
    __Vectors                                0x08000000   Data           4  startup_stm32f10x_md.o(RESET)
    __Vectors_End                            0x080000ec   Data           0  startup_stm32f10x_md.o(RESET)
    __main                                   0x080000ed   Thumb Code     8  __main.o(!!!main)
    __scatterload                            0x080000f5   Thumb Code     0  __scatter.o(!!!scatter)
    __scatterload_rt2                        0x080000f5   Thumb Code    44  __scatter.o(!!!scatter)
    __scatterload_rt2_thumb_only             0x080000f5   Thumb Code     0  __scatter.o(!!!scatter)
    __scatterload_null                       0x08000103   Thumb Code     0  __scatter.o(!!!scatter)
    __decompress                             0x08000129   Thumb Code    90  __dczerorl2.o(!!dczerorl2)
    __decompress1                            0x08000129   Thumb Code     0  __dczerorl2.o(!!dczerorl2)
    __scatterload_zeroinit                   0x08000185   Thumb Code    28  __scatter_zi.o(!!handler_zi)
    _printf_n                                0x080001a1   Thumb Code     0  _printf_n.o(.ARM.Collect$$_printf_percent$$00000001)
    _printf_percent                          0x080001a1   Thumb Code     0  _printf_percent.o(.ARM.Collect$$_printf_percent$$00000000)
    _printf_p                                0x080001a7   Thumb Code     0  _printf_p.o(.ARM.Collect$$_printf_percent$$00000002)
    _printf_f                                0x080001ad   Thumb Code     0  _printf_f.o(.ARM.Collect$$_printf_percent$$00000003)
    _printf_e                                0x080001b3   Thumb Code     0  _printf_e.o(.ARM.Collect$$_printf_percent$$00000004)
    _printf_g                                0x080001b9   Thumb Code     0  _printf_g.o(.ARM.Collect$$_printf_percent$$00000005)
    _printf_a                                0x080001bf   Thumb Code     0  _printf_a.o(.ARM.Collect$$_printf_percent$$00000006)
    _printf_ll                               0x080001c5   Thumb Code     0  _printf_ll.o(.ARM.Collect$$_printf_percent$$00000007)
    _printf_i                                0x080001cf   Thumb Code     0  _printf_i.o(.ARM.Collect$$_printf_percent$$00000008)
    _printf_d                                0x080001d5   Thumb Code     0  _printf_d.o(.ARM.Collect$$_printf_percent$$00000009)
    _printf_u                                0x080001db   Thumb Code     0  _printf_u.o(.ARM.Collect$$_printf_percent$$0000000A)
    _printf_o                                0x080001e1   Thumb Code     0  _printf_o.o(.ARM.Collect$$_printf_percent$$0000000B)
    _printf_x                                0x080001e7   Thumb Code     0  _printf_x.o(.ARM.Collect$$_printf_percent$$0000000C)
    _printf_lli                              0x080001ed   Thumb Code     0  _printf_lli.o(.ARM.Collect$$_printf_percent$$0000000D)
    _printf_lld                              0x080001f3   Thumb Code     0  _printf_lld.o(.ARM.Collect$$_printf_percent$$0000000E)
    _printf_llu                              0x080001f9   Thumb Code     0  _printf_llu.o(.ARM.Collect$$_printf_percent$$0000000F)
    _printf_llo                              0x080001ff   Thumb Code     0  _printf_llo.o(.ARM.Collect$$_printf_percent$$00000010)
    _printf_llx                              0x08000205   Thumb Code     0  _printf_llx.o(.ARM.Collect$$_printf_percent$$00000011)
    _printf_l                                0x0800020b   Thumb Code     0  _printf_l.o(.ARM.Collect$$_printf_percent$$00000012)
    _printf_c                                0x08000215   Thumb Code     0  _printf_c.o(.ARM.Collect$$_printf_percent$$00000013)
    _printf_s                                0x0800021b   Thumb Code     0  _printf_s.o(.ARM.Collect$$_printf_percent$$00000014)
    _printf_lc                               0x08000221   Thumb Code     0  _printf_lc.o(.ARM.Collect$$_printf_percent$$00000015)
    _printf_ls                               0x08000227   Thumb Code     0  _printf_ls.o(.ARM.Collect$$_printf_percent$$00000016)
    _printf_percent_end                      0x0800022d   Thumb Code     0  _printf_percent_end.o(.ARM.Collect$$_printf_percent$$00000017)
    __rt_lib_init                            0x08000231   Thumb Code     0  libinit.o(.ARM.Collect$$libinit$$00000000)
    __rt_lib_init_fp_1                       0x08000233   Thumb Code     0  libinit2.o(.ARM.Collect$$libinit$$00000002)
    __rt_lib_init_heap_1                     0x08000233   Thumb Code     0  libinit2.o(.ARM.Collect$$libinit$$0000000A)
    __rt_lib_init_lc_common                  0x08000233   Thumb Code     0  libinit2.o(.ARM.Collect$$libinit$$0000000F)
    __rt_lib_init_preinit_1                  0x08000233   Thumb Code     0  libinit2.o(.ARM.Collect$$libinit$$00000004)
    __rt_lib_init_rand_1                     0x08000233   Thumb Code     0  libinit2.o(.ARM.Collect$$libinit$$0000000E)
    __rt_lib_init_user_alloc_1               0x08000233   Thumb Code     0  libinit2.o(.ARM.Collect$$libinit$$0000000C)
    __rt_lib_init_lc_collate_1               0x08000239   Thumb Code     0  libinit2.o(.ARM.Collect$$libinit$$00000011)
    __rt_lib_init_lc_ctype_2                 0x08000239   Thumb Code     0  libinit2.o(.ARM.Collect$$libinit$$00000012)
    __rt_lib_init_lc_ctype_1                 0x08000245   Thumb Code     0  libinit2.o(.ARM.Collect$$libinit$$00000013)
    __rt_lib_init_lc_monetary_1              0x08000245   Thumb Code     0  libinit2.o(.ARM.Collect$$libinit$$00000015)
    __rt_lib_init_lc_numeric_2               0x08000245   Thumb Code     0  libinit2.o(.ARM.Collect$$libinit$$00000016)
    __rt_lib_init_alloca_1                   0x0800024f   Thumb Code     0  libinit2.o(.ARM.Collect$$libinit$$0000002E)
    __rt_lib_init_argv_1                     0x0800024f   Thumb Code     0  libinit2.o(.ARM.Collect$$libinit$$0000002C)
    __rt_lib_init_atexit_1                   0x0800024f   Thumb Code     0  libinit2.o(.ARM.Collect$$libinit$$0000001B)
    __rt_lib_init_clock_1                    0x0800024f   Thumb Code     0  libinit2.o(.ARM.Collect$$libinit$$00000021)
    __rt_lib_init_cpp_1                      0x0800024f   Thumb Code     0  libinit2.o(.ARM.Collect$$libinit$$00000032)
    __rt_lib_init_exceptions_1               0x0800024f   Thumb Code     0  libinit2.o(.ARM.Collect$$libinit$$00000030)
    __rt_lib_init_fp_trap_1                  0x0800024f   Thumb Code     0  libinit2.o(.ARM.Collect$$libinit$$0000001F)
    __rt_lib_init_getenv_1                   0x0800024f   Thumb Code     0  libinit2.o(.ARM.Collect$$libinit$$00000023)
    __rt_lib_init_lc_numeric_1               0x0800024f   Thumb Code     0  libinit2.o(.ARM.Collect$$libinit$$00000017)
    __rt_lib_init_lc_time_1                  0x0800024f   Thumb Code     0  libinit2.o(.ARM.Collect$$libinit$$00000019)
    __rt_lib_init_return                     0x0800024f   Thumb Code     0  libinit2.o(.ARM.Collect$$libinit$$00000033)
    __rt_lib_init_signal_1                   0x0800024f   Thumb Code     0  libinit2.o(.ARM.Collect$$libinit$$0000001D)
    __rt_lib_init_stdio_1                    0x0800024f   Thumb Code     0  libinit2.o(.ARM.Collect$$libinit$$00000025)
    __rt_lib_shutdown                        0x08000251   Thumb Code     0  libshutdown.o(.ARM.Collect$$libshutdown$$00000000)
    __rt_lib_shutdown_cpp_1                  0x08000253   Thumb Code     0  libshutdown2.o(.ARM.Collect$$libshutdown$$00000002)
    __rt_lib_shutdown_fp_trap_1              0x08000253   Thumb Code     0  libshutdown2.o(.ARM.Collect$$libshutdown$$00000007)
    __rt_lib_shutdown_heap_1                 0x08000253   Thumb Code     0  libshutdown2.o(.ARM.Collect$$libshutdown$$0000000F)
    __rt_lib_shutdown_return                 0x08000253   Thumb Code     0  libshutdown2.o(.ARM.Collect$$libshutdown$$00000010)
    __rt_lib_shutdown_signal_1               0x08000253   Thumb Code     0  libshutdown2.o(.ARM.Collect$$libshutdown$$0000000A)
    __rt_lib_shutdown_stdio_1                0x08000253   Thumb Code     0  libshutdown2.o(.ARM.Collect$$libshutdown$$00000004)
    __rt_lib_shutdown_user_alloc_1           0x08000253   Thumb Code     0  libshutdown2.o(.ARM.Collect$$libshutdown$$0000000C)
    __rt_entry                               0x08000255   Thumb Code     0  __rtentry.o(.ARM.Collect$$rtentry$$00000000)
    __rt_entry_presh_1                       0x08000255   Thumb Code     0  __rtentry2.o(.ARM.Collect$$rtentry$$00000002)
    __rt_entry_sh                            0x08000255   Thumb Code     0  __rtentry4.o(.ARM.Collect$$rtentry$$00000004)
    __rt_entry_li                            0x0800025b   Thumb Code     0  __rtentry2.o(.ARM.Collect$$rtentry$$0000000A)
    __rt_entry_postsh_1                      0x0800025b   Thumb Code     0  __rtentry2.o(.ARM.Collect$$rtentry$$00000009)
    __rt_entry_main                          0x0800025f   Thumb Code     0  __rtentry2.o(.ARM.Collect$$rtentry$$0000000D)
    __rt_entry_postli_1                      0x0800025f   Thumb Code     0  __rtentry2.o(.ARM.Collect$$rtentry$$0000000C)
    __rt_exit                                0x08000267   Thumb Code     0  rtexit.o(.ARM.Collect$$rtexit$$00000000)
    __rt_exit_ls                             0x08000269   Thumb Code     0  rtexit2.o(.ARM.Collect$$rtexit$$00000003)
    __rt_exit_prels_1                        0x08000269   Thumb Code     0  rtexit2.o(.ARM.Collect$$rtexit$$00000002)
    __rt_exit_exit                           0x0800026d   Thumb Code     0  rtexit2.o(.ARM.Collect$$rtexit$$00000004)
    SystemInit                               0x08000315   Thumb Code    64  system_stm32f10x.o(.text)
    SystemCoreClockUpdate                    0x08000355   Thumb Code    86  system_stm32f10x.o(.text)
    NMI_Handler                              0x080003cd   Thumb Code     2  stm32f10x_it.o(.text)
    HardFault_Handler                        0x080003cf   Thumb Code     2  stm32f10x_it.o(.text)
    MemManage_Handler                        0x080003d1   Thumb Code     2  stm32f10x_it.o(.text)
    BusFault_Handler                         0x080003d3   Thumb Code     2  stm32f10x_it.o(.text)
    UsageFault_Handler                       0x080003d5   Thumb Code     2  stm32f10x_it.o(.text)
    SVC_Handler                              0x080003d7   Thumb Code     2  stm32f10x_it.o(.text)
    DebugMon_Handler                         0x080003d9   Thumb Code     2  stm32f10x_it.o(.text)
    PendSV_Handler                           0x080003db   Thumb Code     2  stm32f10x_it.o(.text)
    SysTick_Handler                          0x080003dd   Thumb Code     2  stm32f10x_it.o(.text)
    Reset_Handler                            0x080003e1   Thumb Code     8  startup_stm32f10x_md.o(.text)
    ADC1_2_IRQHandler                        0x080003fb   Thumb Code     0  startup_stm32f10x_md.o(.text)
    CAN1_RX1_IRQHandler                      0x080003fb   Thumb Code     0  startup_stm32f10x_md.o(.text)
    CAN1_SCE_IRQHandler                      0x080003fb   Thumb Code     0  startup_stm32f10x_md.o(.text)
    DMA1_Channel1_IRQHandler                 0x080003fb   Thumb Code     0  startup_stm32f10x_md.o(.text)
    DMA1_Channel2_IRQHandler                 0x080003fb   Thumb Code     0  startup_stm32f10x_md.o(.text)
    DMA1_Channel3_IRQHandler                 0x080003fb   Thumb Code     0  startup_stm32f10x_md.o(.text)
    DMA1_Channel4_IRQHandler                 0x080003fb   Thumb Code     0  startup_stm32f10x_md.o(.text)
    DMA1_Channel5_IRQHandler                 0x080003fb   Thumb Code     0  startup_stm32f10x_md.o(.text)
    DMA1_Channel6_IRQHandler                 0x080003fb   Thumb Code     0  startup_stm32f10x_md.o(.text)
    DMA1_Channel7_IRQHandler                 0x080003fb   Thumb Code     0  startup_stm32f10x_md.o(.text)
    EXTI0_IRQHandler                         0x080003fb   Thumb Code     0  startup_stm32f10x_md.o(.text)
    EXTI15_10_IRQHandler                     0x080003fb   Thumb Code     0  startup_stm32f10x_md.o(.text)
    EXTI1_IRQHandler                         0x080003fb   Thumb Code     0  startup_stm32f10x_md.o(.text)
    EXTI2_IRQHandler                         0x080003fb   Thumb Code     0  startup_stm32f10x_md.o(.text)
    EXTI3_IRQHandler                         0x080003fb   Thumb Code     0  startup_stm32f10x_md.o(.text)
    EXTI4_IRQHandler                         0x080003fb   Thumb Code     0  startup_stm32f10x_md.o(.text)
    FLASH_IRQHandler                         0x080003fb   Thumb Code     0  startup_stm32f10x_md.o(.text)
    I2C1_ER_IRQHandler                       0x080003fb   Thumb Code     0  startup_stm32f10x_md.o(.text)
    I2C1_EV_IRQHandler                       0x080003fb   Thumb Code     0  startup_stm32f10x_md.o(.text)
    I2C2_ER_IRQHandler                       0x080003fb   Thumb Code     0  startup_stm32f10x_md.o(.text)
    I2C2_EV_IRQHandler                       0x080003fb   Thumb Code     0  startup_stm32f10x_md.o(.text)
    PVD_IRQHandler                           0x080003fb   Thumb Code     0  startup_stm32f10x_md.o(.text)
    RCC_IRQHandler                           0x080003fb   Thumb Code     0  startup_stm32f10x_md.o(.text)
    RTCAlarm_IRQHandler                      0x080003fb   Thumb Code     0  startup_stm32f10x_md.o(.text)
    RTC_IRQHandler                           0x080003fb   Thumb Code     0  startup_stm32f10x_md.o(.text)
    SPI1_IRQHandler                          0x080003fb   Thumb Code     0  startup_stm32f10x_md.o(.text)
    SPI2_IRQHandler                          0x080003fb   Thumb Code     0  startup_stm32f10x_md.o(.text)
    TAMPER_IRQHandler                        0x080003fb   Thumb Code     0  startup_stm32f10x_md.o(.text)
    TIM1_BRK_IRQHandler                      0x080003fb   Thumb Code     0  startup_stm32f10x_md.o(.text)
    TIM1_CC_IRQHandler                       0x080003fb   Thumb Code     0  startup_stm32f10x_md.o(.text)
    TIM1_TRG_COM_IRQHandler                  0x080003fb   Thumb Code     0  startup_stm32f10x_md.o(.text)
    TIM1_UP_IRQHandler                       0x080003fb   Thumb Code     0  startup_stm32f10x_md.o(.text)
    TIM3_IRQHandler                          0x080003fb   Thumb Code     0  startup_stm32f10x_md.o(.text)
    USART3_IRQHandler                        0x080003fb   Thumb Code     0  startup_stm32f10x_md.o(.text)
    USBWakeUp_IRQHandler                     0x080003fb   Thumb Code     0  startup_stm32f10x_md.o(.text)
    USB_HP_CAN1_TX_IRQHandler                0x080003fb   Thumb Code     0  startup_stm32f10x_md.o(.text)
    USB_LP_CAN1_RX0_IRQHandler               0x080003fb   Thumb Code     0  startup_stm32f10x_md.o(.text)
    WWDG_IRQHandler                          0x080003fb   Thumb Code     0  startup_stm32f10x_md.o(.text)
    __user_initial_stackheap                 0x080003fd   Thumb Code     0  startup_stm32f10x_md.o(.text)
    NVIC_PriorityGroupConfig                 0x0800041d   Thumb Code    10  misc.o(.text)
    NVIC_Init                                0x08000427   Thumb Code    94  misc.o(.text)
    NVIC_SetVectorTable                      0x08000485   Thumb Code    14  misc.o(.text)
    NVIC_SystemLPConfig                      0x08000493   Thumb Code    20  misc.o(.text)
    SysTick_CLKSourceConfig                  0x080004a7   Thumb Code    24  misc.o(.text)
    GPIO_DeInit                              0x080004cd   Thumb Code   152  stm32f10x_gpio.o(.text)
    GPIO_AFIODeInit                          0x08000565   Thumb Code    22  stm32f10x_gpio.o(.text)
    GPIO_Init                                0x0800057b   Thumb Code   156  stm32f10x_gpio.o(.text)
    GPIO_StructInit                          0x08000617   Thumb Code    16  stm32f10x_gpio.o(.text)
    GPIO_ReadInputDataBit                    0x08000627   Thumb Code    14  stm32f10x_gpio.o(.text)
    GPIO_ReadInputData                       0x08000635   Thumb Code     6  stm32f10x_gpio.o(.text)
    GPIO_ReadOutputDataBit                   0x0800063b   Thumb Code    14  stm32f10x_gpio.o(.text)
    GPIO_ReadOutputData                      0x08000649   Thumb Code     6  stm32f10x_gpio.o(.text)
    GPIO_SetBits                             0x0800064f   Thumb Code     4  stm32f10x_gpio.o(.text)
    GPIO_ResetBits                           0x08000653   Thumb Code     4  stm32f10x_gpio.o(.text)
    GPIO_WriteBit                            0x08000657   Thumb Code    10  stm32f10x_gpio.o(.text)
    GPIO_Write                               0x08000661   Thumb Code     4  stm32f10x_gpio.o(.text)
    GPIO_PinLockConfig                       0x08000665   Thumb Code    16  stm32f10x_gpio.o(.text)
    GPIO_EventOutputConfig                   0x08000675   Thumb Code    22  stm32f10x_gpio.o(.text)
    GPIO_EventOutputCmd                      0x0800068b   Thumb Code     6  stm32f10x_gpio.o(.text)
    GPIO_PinRemapConfig                      0x08000691   Thumb Code    82  stm32f10x_gpio.o(.text)
    GPIO_EXTILineConfig                      0x080006e3   Thumb Code    34  stm32f10x_gpio.o(.text)
    GPIO_ETH_MediaInterfaceConfig            0x08000705   Thumb Code     8  stm32f10x_gpio.o(.text)
    RCC_DeInit                               0x08000731   Thumb Code    50  stm32f10x_rcc.o(.text)
    RCC_HSEConfig                            0x08000763   Thumb Code    48  stm32f10x_rcc.o(.text)
    RCC_GetFlagStatus                        0x08000793   Thumb Code    42  stm32f10x_rcc.o(.text)
    RCC_WaitForHSEStartUp                    0x080007bd   Thumb Code    44  stm32f10x_rcc.o(.text)
    RCC_AdjustHSICalibrationValue            0x080007e9   Thumb Code    16  stm32f10x_rcc.o(.text)
    RCC_HSICmd                               0x080007f9   Thumb Code     6  stm32f10x_rcc.o(.text)
    RCC_PLLConfig                            0x080007ff   Thumb Code    16  stm32f10x_rcc.o(.text)
    RCC_PLLCmd                               0x0800080f   Thumb Code     6  stm32f10x_rcc.o(.text)
    RCC_SYSCLKConfig                         0x08000815   Thumb Code    14  stm32f10x_rcc.o(.text)
    RCC_GetSYSCLKSource                      0x08000823   Thumb Code    10  stm32f10x_rcc.o(.text)
    RCC_HCLKConfig                           0x0800082d   Thumb Code    14  stm32f10x_rcc.o(.text)
    RCC_PCLK1Config                          0x0800083b   Thumb Code    14  stm32f10x_rcc.o(.text)
    RCC_PCLK2Config                          0x08000849   Thumb Code    16  stm32f10x_rcc.o(.text)
    RCC_ITConfig                             0x08000859   Thumb Code    18  stm32f10x_rcc.o(.text)
    RCC_USBCLKConfig                         0x0800086b   Thumb Code     8  stm32f10x_rcc.o(.text)
    RCC_ADCCLKConfig                         0x08000873   Thumb Code    14  stm32f10x_rcc.o(.text)
    RCC_LSEConfig                            0x08000881   Thumb Code    28  stm32f10x_rcc.o(.text)
    RCC_LSICmd                               0x0800089d   Thumb Code     6  stm32f10x_rcc.o(.text)
    RCC_RTCCLKConfig                         0x080008a3   Thumb Code    10  stm32f10x_rcc.o(.text)
    RCC_RTCCLKCmd                            0x080008ad   Thumb Code     8  stm32f10x_rcc.o(.text)
    RCC_GetClocksFreq                        0x080008b5   Thumb Code   132  stm32f10x_rcc.o(.text)
    RCC_AHBPeriphClockCmd                    0x08000939   Thumb Code    18  stm32f10x_rcc.o(.text)
    RCC_APB2PeriphClockCmd                   0x0800094b   Thumb Code    18  stm32f10x_rcc.o(.text)
    RCC_APB1PeriphClockCmd                   0x0800095d   Thumb Code    18  stm32f10x_rcc.o(.text)
    RCC_APB2PeriphResetCmd                   0x0800096f   Thumb Code    18  stm32f10x_rcc.o(.text)
    RCC_APB1PeriphResetCmd                   0x08000981   Thumb Code    18  stm32f10x_rcc.o(.text)
    RCC_BackupResetCmd                       0x08000993   Thumb Code     8  stm32f10x_rcc.o(.text)
    RCC_ClockSecuritySystemCmd               0x0800099b   Thumb Code     6  stm32f10x_rcc.o(.text)
    RCC_MCOConfig                            0x080009a1   Thumb Code     6  stm32f10x_rcc.o(.text)
    RCC_ClearFlag                            0x080009a7   Thumb Code    12  stm32f10x_rcc.o(.text)
    RCC_GetITStatus                          0x080009b3   Thumb Code    16  stm32f10x_rcc.o(.text)
    RCC_ClearITPendingBit                    0x080009c3   Thumb Code     6  stm32f10x_rcc.o(.text)
    USART_DeInit                             0x080009e9   Thumb Code    96  stm32f10x_usart.o(.text)
    USART_Init                               0x08000a49   Thumb Code   166  stm32f10x_usart.o(.text)
    USART_StructInit                         0x08000aef   Thumb Code    22  stm32f10x_usart.o(.text)
    USART_ClockInit                          0x08000b05   Thumb Code    30  stm32f10x_usart.o(.text)
    USART_ClockStructInit                    0x08000b23   Thumb Code    12  stm32f10x_usart.o(.text)
    USART_Cmd                                0x08000b2f   Thumb Code    20  stm32f10x_usart.o(.text)
    USART_ITConfig                           0x08000b43   Thumb Code    48  stm32f10x_usart.o(.text)
    USART_DMACmd                             0x08000b73   Thumb Code    16  stm32f10x_usart.o(.text)
    USART_SetAddress                         0x08000b83   Thumb Code    16  stm32f10x_usart.o(.text)
    USART_WakeUpConfig                       0x08000b93   Thumb Code    16  stm32f10x_usart.o(.text)
    USART_ReceiverWakeUpCmd                  0x08000ba3   Thumb Code    20  stm32f10x_usart.o(.text)
    USART_LINBreakDetectLengthConfig         0x08000bb7   Thumb Code    16  stm32f10x_usart.o(.text)
    USART_LINCmd                             0x08000bc7   Thumb Code    20  stm32f10x_usart.o(.text)
    USART_SendData                           0x08000bdb   Thumb Code     8  stm32f10x_usart.o(.text)
    USART_ReceiveData                        0x08000be3   Thumb Code     8  stm32f10x_usart.o(.text)
    USART_SendBreak                          0x08000beb   Thumb Code    10  stm32f10x_usart.o(.text)
    USART_SetGuardTime                       0x08000bf5   Thumb Code    16  stm32f10x_usart.o(.text)
    USART_SetPrescaler                       0x08000c05   Thumb Code    16  stm32f10x_usart.o(.text)
    USART_SmartCardCmd                       0x08000c15   Thumb Code    20  stm32f10x_usart.o(.text)
    USART_SmartCardNACKCmd                   0x08000c29   Thumb Code    20  stm32f10x_usart.o(.text)
    USART_HalfDuplexCmd                      0x08000c3d   Thumb Code    20  stm32f10x_usart.o(.text)
    USART_OverSampling8Cmd                   0x08000c51   Thumb Code    20  stm32f10x_usart.o(.text)
    USART_OneBitMethodCmd                    0x08000c65   Thumb Code    20  stm32f10x_usart.o(.text)
    USART_IrDAConfig                         0x08000c79   Thumb Code    16  stm32f10x_usart.o(.text)
    USART_IrDACmd                            0x08000c89   Thumb Code    20  stm32f10x_usart.o(.text)
    USART_GetFlagStatus                      0x08000c9d   Thumb Code    14  stm32f10x_usart.o(.text)
    USART_ClearFlag                          0x08000cab   Thumb Code     6  stm32f10x_usart.o(.text)
    USART_GetITStatus                        0x08000cb1   Thumb Code    62  stm32f10x_usart.o(.text)
    USART_ClearITPendingBit                  0x08000cef   Thumb Code    12  stm32f10x_usart.o(.text)
    EXTI_DeInit                              0x08000d11   Thumb Code    28  stm32f10x_exti.o(.text)
    EXTI_Init                                0x08000d2d   Thumb Code   108  stm32f10x_exti.o(.text)
    EXTI_StructInit                          0x08000d99   Thumb Code    14  stm32f10x_exti.o(.text)
    EXTI_GenerateSWInterrupt                 0x08000da7   Thumb Code    12  stm32f10x_exti.o(.text)
    EXTI_GetFlagStatus                       0x08000db3   Thumb Code    18  stm32f10x_exti.o(.text)
    EXTI_ClearFlag                           0x08000dc5   Thumb Code     8  stm32f10x_exti.o(.text)
    EXTI_GetITStatus                         0x08000dcd   Thumb Code    28  stm32f10x_exti.o(.text)
    EXTI_ClearITPendingBit                   0x08000de9   Thumb Code     8  stm32f10x_exti.o(.text)
    SPI_I2S_DeInit                           0x08000df9   Thumb Code    72  stm32f10x_spi.o(.text)
    SPI_Init                                 0x08000e41   Thumb Code    56  stm32f10x_spi.o(.text)
    I2S_Init                                 0x08000e79   Thumb Code   150  stm32f10x_spi.o(.text)
    SPI_StructInit                           0x08000f0f   Thumb Code    24  stm32f10x_spi.o(.text)
    I2S_StructInit                           0x08000f27   Thumb Code    18  stm32f10x_spi.o(.text)
    SPI_Cmd                                  0x08000f39   Thumb Code    20  stm32f10x_spi.o(.text)
    I2S_Cmd                                  0x08000f4d   Thumb Code    20  stm32f10x_spi.o(.text)
    SPI_I2S_ITConfig                         0x08000f61   Thumb Code    24  stm32f10x_spi.o(.text)
    SPI_I2S_DMACmd                           0x08000f79   Thumb Code    16  stm32f10x_spi.o(.text)
    SPI_I2S_SendData                         0x08000f89   Thumb Code     4  stm32f10x_spi.o(.text)
    SPI_I2S_ReceiveData                      0x08000f8d   Thumb Code     4  stm32f10x_spi.o(.text)
    SPI_NSSInternalSoftwareConfig            0x08000f91   Thumb Code    24  stm32f10x_spi.o(.text)
    SPI_SSOutputCmd                          0x08000fa9   Thumb Code    20  stm32f10x_spi.o(.text)
    SPI_DataSizeConfig                       0x08000fbd   Thumb Code    16  stm32f10x_spi.o(.text)
    SPI_TransmitCRC                          0x08000fcd   Thumb Code    10  stm32f10x_spi.o(.text)
    SPI_CalculateCRC                         0x08000fd7   Thumb Code    20  stm32f10x_spi.o(.text)
    SPI_GetCRC                               0x08000feb   Thumb Code    12  stm32f10x_spi.o(.text)
    SPI_GetCRCPolynomial                     0x08000ff7   Thumb Code     4  stm32f10x_spi.o(.text)
    SPI_BiDirectionalLineConfig              0x08000ffb   Thumb Code    22  stm32f10x_spi.o(.text)
    SPI_I2S_GetFlagStatus                    0x08001011   Thumb Code    14  stm32f10x_spi.o(.text)
    SPI_I2S_ClearFlag                        0x0800101f   Thumb Code     6  stm32f10x_spi.o(.text)
    SPI_I2S_GetITStatus                      0x08001025   Thumb Code    44  stm32f10x_spi.o(.text)
    SPI_I2S_ClearITPendingBit                0x08001051   Thumb Code    14  stm32f10x_spi.o(.text)
    TIM_DeInit                               0x0800106d   Thumb Code   304  stm32f10x_tim.o(.text)
    TIM_TimeBaseInit                         0x0800119d   Thumb Code   114  stm32f10x_tim.o(.text)
    TIM_OC1Init                              0x0800120f   Thumb Code   106  stm32f10x_tim.o(.text)
    TIM_OC2Init                              0x08001279   Thumb Code   120  stm32f10x_tim.o(.text)
    TIM_OC3Init                              0x080012f1   Thumb Code   116  stm32f10x_tim.o(.text)
    TIM_OC4Init                              0x08001365   Thumb Code    90  stm32f10x_tim.o(.text)
    TIM_SetIC4Prescaler                      0x080013bf   Thumb Code    24  stm32f10x_tim.o(.text)
    TIM_SetIC3Prescaler                      0x080013d7   Thumb Code    16  stm32f10x_tim.o(.text)
    TIM_SetIC2Prescaler                      0x080013e7   Thumb Code    24  stm32f10x_tim.o(.text)
    TIM_SetIC1Prescaler                      0x080014a5   Thumb Code    16  stm32f10x_tim.o(.text)
    TIM_ICInit                               0x0800150d   Thumb Code   270  stm32f10x_tim.o(.text)
    TIM_PWMIConfig                           0x0800161b   Thumb Code   104  stm32f10x_tim.o(.text)
    TIM_BDTRConfig                           0x08001683   Thumb Code    34  stm32f10x_tim.o(.text)
    TIM_TimeBaseStructInit                   0x080016a5   Thumb Code    18  stm32f10x_tim.o(.text)
    TIM_OCStructInit                         0x080016b7   Thumb Code    20  stm32f10x_tim.o(.text)
    TIM_ICStructInit                         0x080016cb   Thumb Code    16  stm32f10x_tim.o(.text)
    TIM_BDTRStructInit                       0x080016db   Thumb Code    18  stm32f10x_tim.o(.text)
    TIM_Cmd                                  0x080016ed   Thumb Code    20  stm32f10x_tim.o(.text)
    TIM_CtrlPWMOutputs                       0x08001701   Thumb Code    22  stm32f10x_tim.o(.text)
    TIM_ITConfig                             0x08001717   Thumb Code    16  stm32f10x_tim.o(.text)
    TIM_GenerateEvent                        0x08001727   Thumb Code     4  stm32f10x_tim.o(.text)
    TIM_DMAConfig                            0x0800172b   Thumb Code     8  stm32f10x_tim.o(.text)
    TIM_DMACmd                               0x08001733   Thumb Code    16  stm32f10x_tim.o(.text)
    TIM_InternalClockConfig                  0x08001743   Thumb Code    10  stm32f10x_tim.o(.text)
    TIM_SelectInputTrigger                   0x0800174d   Thumb Code    12  stm32f10x_tim.o(.text)
    TIM_ITRxExternalClockConfig              0x08001759   Thumb Code    18  stm32f10x_tim.o(.text)
    TIM_TIxExternalClockConfig               0x0800176b   Thumb Code    46  stm32f10x_tim.o(.text)
    TIM_ETRConfig                            0x08001799   Thumb Code    24  stm32f10x_tim.o(.text)
    TIM_ETRClockMode1Config                  0x080017b1   Thumb Code    18  stm32f10x_tim.o(.text)
    TIM_ETRClockMode2Config                  0x080017c3   Thumb Code    18  stm32f10x_tim.o(.text)
    TIM_PrescalerConfig                      0x080017d5   Thumb Code     6  stm32f10x_tim.o(.text)
    TIM_CounterModeConfig                    0x080017db   Thumb Code    12  stm32f10x_tim.o(.text)
    TIM_EncoderInterfaceConfig               0x080017e7   Thumb Code    50  stm32f10x_tim.o(.text)
    TIM_ForcedOC1Config                      0x08001819   Thumb Code    12  stm32f10x_tim.o(.text)
    TIM_ForcedOC2Config                      0x08001825   Thumb Code    20  stm32f10x_tim.o(.text)
    TIM_ForcedOC3Config                      0x08001839   Thumb Code    12  stm32f10x_tim.o(.text)
    TIM_ForcedOC4Config                      0x08001845   Thumb Code    20  stm32f10x_tim.o(.text)
    TIM_ARRPreloadConfig                     0x08001859   Thumb Code    20  stm32f10x_tim.o(.text)
    TIM_SelectCOM                            0x0800186d   Thumb Code    20  stm32f10x_tim.o(.text)
    TIM_SelectCCDMA                          0x08001881   Thumb Code    20  stm32f10x_tim.o(.text)
    TIM_CCPreloadControl                     0x08001895   Thumb Code    20  stm32f10x_tim.o(.text)
    TIM_OC1PreloadConfig                     0x080018a9   Thumb Code    32  stm32f10x_tim.o(.text)
    TIM_OC2PreloadConfig                     0x080018c9   Thumb Code    20  stm32f10x_tim.o(.text)
    TIM_OC3PreloadConfig                     0x080018dd   Thumb Code    12  stm32f10x_tim.o(.text)
    TIM_OC4PreloadConfig                     0x080018e9   Thumb Code    20  stm32f10x_tim.o(.text)
    TIM_OC1FastConfig                        0x080018fd   Thumb Code    12  stm32f10x_tim.o(.text)
    TIM_OC2FastConfig                        0x08001909   Thumb Code    20  stm32f10x_tim.o(.text)
    TIM_OC3FastConfig                        0x0800191d   Thumb Code    12  stm32f10x_tim.o(.text)
    TIM_OC4FastConfig                        0x08001929   Thumb Code    20  stm32f10x_tim.o(.text)
    TIM_ClearOC1Ref                          0x0800193d   Thumb Code    12  stm32f10x_tim.o(.text)
    TIM_ClearOC2Ref                          0x08001949   Thumb Code    20  stm32f10x_tim.o(.text)
    TIM_ClearOC3Ref                          0x0800195d   Thumb Code    12  stm32f10x_tim.o(.text)
    TIM_ClearOC4Ref                          0x08001969   Thumb Code    20  stm32f10x_tim.o(.text)
    TIM_OC1PolarityConfig                    0x0800197d   Thumb Code    12  stm32f10x_tim.o(.text)
    TIM_OC1NPolarityConfig                   0x08001989   Thumb Code    12  stm32f10x_tim.o(.text)
    TIM_OC2PolarityConfig                    0x08001995   Thumb Code    20  stm32f10x_tim.o(.text)
    TIM_OC2NPolarityConfig                   0x080019a9   Thumb Code    20  stm32f10x_tim.o(.text)
    TIM_OC3PolarityConfig                    0x080019bd   Thumb Code    20  stm32f10x_tim.o(.text)
    TIM_OC3NPolarityConfig                   0x080019d1   Thumb Code    20  stm32f10x_tim.o(.text)
    TIM_OC4PolarityConfig                    0x080019e5   Thumb Code    20  stm32f10x_tim.o(.text)
    TIM_CCxCmd                               0x080019f9   Thumb Code    22  stm32f10x_tim.o(.text)
    TIM_CCxNCmd                              0x08001a0f   Thumb Code    22  stm32f10x_tim.o(.text)
    TIM_SelectOCxM                           0x08001a25   Thumb Code    70  stm32f10x_tim.o(.text)
    TIM_UpdateDisableConfig                  0x08001a6b   Thumb Code    20  stm32f10x_tim.o(.text)
    TIM_UpdateRequestConfig                  0x08001a7f   Thumb Code    20  stm32f10x_tim.o(.text)
    TIM_SelectHallSensor                     0x08001a93   Thumb Code    20  stm32f10x_tim.o(.text)
    TIM_SelectOnePulseMode                   0x08001aa7   Thumb Code    16  stm32f10x_tim.o(.text)
    TIM_SelectOutputTrigger                  0x08001ab7   Thumb Code    16  stm32f10x_tim.o(.text)
    TIM_SelectSlaveMode                      0x08001ac7   Thumb Code    16  stm32f10x_tim.o(.text)
    TIM_SelectMasterSlaveMode                0x08001ad7   Thumb Code    16  stm32f10x_tim.o(.text)
    TIM_SetCounter                           0x08001ae7   Thumb Code     4  stm32f10x_tim.o(.text)
    TIM_SetAutoreload                        0x08001aeb   Thumb Code     4  stm32f10x_tim.o(.text)
    TIM_SetCompare1                          0x08001aef   Thumb Code     4  stm32f10x_tim.o(.text)
    TIM_SetCompare2                          0x08001af3   Thumb Code     4  stm32f10x_tim.o(.text)
    TIM_SetCompare3                          0x08001af7   Thumb Code     4  stm32f10x_tim.o(.text)
    TIM_SetCompare4                          0x08001afb   Thumb Code     6  stm32f10x_tim.o(.text)
    TIM_SetClockDivision                     0x08001b01   Thumb Code    16  stm32f10x_tim.o(.text)
    TIM_GetCapture1                          0x08001b11   Thumb Code     4  stm32f10x_tim.o(.text)
    TIM_GetCapture2                          0x08001b15   Thumb Code     4  stm32f10x_tim.o(.text)
    TIM_GetCapture3                          0x08001b19   Thumb Code     4  stm32f10x_tim.o(.text)
    TIM_GetCapture4                          0x08001b1d   Thumb Code     6  stm32f10x_tim.o(.text)
    TIM_GetCounter                           0x08001b23   Thumb Code     4  stm32f10x_tim.o(.text)
    TIM_GetPrescaler                         0x08001b27   Thumb Code     4  stm32f10x_tim.o(.text)
    TIM_GetFlagStatus                        0x08001b2b   Thumb Code    14  stm32f10x_tim.o(.text)
    TIM_ClearFlag                            0x08001b39   Thumb Code     6  stm32f10x_tim.o(.text)
    TIM_GetITStatus                          0x08001b3f   Thumb Code    24  stm32f10x_tim.o(.text)
    TIM_ClearITPendingBit                    0x08001b57   Thumb Code     6  stm32f10x_tim.o(.text)
    get_volt                                 0x08001b5d   Thumb Code     6  main.o(.text)
    cnt_diff                                 0x08001b63   Thumb Code    54  main.o(.text)
    cnt_diff_diff                            0x08001b99   Thumb Code    22  main.o(.text)
    cnt_diff_diff_max                        0x08001baf   Thumb Code    26  main.o(.text)
    mean_filter                              0x08001bc9   Thumb Code    32  main.o(.text)
    kalmanFilter                             0x08001be9   Thumb Code    84  main.o(.text)
    main                                     0x08001c3d   Thumb Code  1036  main.o(.text)
    delay_init                               0x08002065   Thumb Code    46  delay.o(.text)
    delay_us                                 0x08002093   Thumb Code    46  delay.o(.text)
    delay_ms                                 0x080020c1   Thumb Code    46  delay.o(.text)
    delay_s                                  0x080020ef   Thumb Code    70  delay.o(.text)
    uart1_init                               0x08002141   Thumb Code   160  usart.o(.text)
    USART1_IRQHandler                        0x080021e1   Thumb Code    86  usart.o(.text)
    uart2_init                               0x08002237   Thumb Code   164  usart.o(.text)
    USARTx_Send                              0x080022db   Thumb Code    46  usart.o(.text)
    u2_printf                                0x08002309   Thumb Code    74  usart.o(.text)
    USART2_IRQHandler                        0x08002353   Thumb Code    84  usart.o(.text)
    _sys_exit                                0x080023a7   Thumb Code     2  usart.o(.text)
    fputc                                    0x080023a9   Thumb Code    18  usart.o(.text)
    SPI2_Init                                0x080023d5   Thumb Code   118  spi.o(.text)
    SPI2_ReadWriteByte                       0x0800244b   Thumb Code    76  spi.o(.text)
    TIM2_Init                                0x080024a1   Thumb Code   112  timer.o(.text)
    TIM2_IRQHandler                          0x08002511   Thumb Code    34  timer.o(.text)
    TIM4_Init                                0x08002533   Thumb Code   146  timer.o(.text)
    TIM4_IRQHandler                          0x080025c5   Thumb Code    82  timer.o(.text)
    DMA_Config                               0x08002625   Thumb Code    98  dma.o(.text)
    DMA_Enable                               0x08002687   Thumb Code    20  dma.o(.text)
    LED_Init                                 0x080026a1   Thumb Code    52  led.o(.text)
    ADS1292_SPI                              0x080026dd   Thumb Code     4  ads1292.o(.text)
    ADS1292_WR_REGS                          0x080026e1   Thumb Code   118  ads1292.o(.text)
    ADS1292_Send_CMD                         0x08002757   Thumb Code    40  ads1292.o(.text)
    ADS1292_PowerOnInit                      0x0800277f   Thumb Code    78  ads1292.o(.text)
    ADS1292_Init                             0x080027cd   Thumb Code   144  ads1292.o(.text)
    ADS1292_Read_Data                        0x0800285d   Thumb Code    42  ads1292.o(.text)
    EXTI9_5_IRQHandler                       0x08002887   Thumb Code    42  ads1292.o(.text)
    ADS1292_SET_REGBUFF                      0x080028b1   Thumb Code   258  ads1292.o(.text)
    ADS1292_WRITE_REGBUFF                    0x080029b3   Thumb Code   132  ads1292.o(.text)
    ADS1292_Single_Test                      0x08002a37   Thumb Code    40  ads1292.o(.text)
    ADS1292_Noise_Test                       0x08002a5f   Thumb Code    38  ads1292.o(.text)
    ADS1292_Single_Read                      0x08002a85   Thumb Code    36  ads1292.o(.text)
    Set_ADS1292_Collect                      0x08002aa9   Thumb Code   196  ads1292.o(.text)
    initValuePack                            0x08002b6d   Thumb Code   122  valuepack.o(.text)
    startValuePack                           0x08002be7   Thumb Code    20  valuepack.o(.text)
    putBool                                  0x08002bfb   Thumb Code    64  valuepack.o(.text)
    putByte                                  0x08002c3b   Thumb Code    40  valuepack.o(.text)
    putShort                                 0x08002c63   Thumb Code    48  valuepack.o(.text)
    putInt                                   0x08002c93   Thumb Code    66  valuepack.o(.text)
    putFloat                                 0x08002cd5   Thumb Code    72  valuepack.o(.text)
    endValuePack                             0x08002d1d   Thumb Code    44  valuepack.o(.text)
    sendBuffer                               0x08002d49   Thumb Code    46  valuepack.o(.text)
    __use_no_semihosting                     0x08002d85   Thumb Code     2  use_no_semi_2.o(.text)
    vsprintf                                 0x08002d89   Thumb Code    32  vsprintf.o(.text)
    __2printf                                0x08002dad   Thumb Code    20  __2printf.o(.text)
    _printf_int_dec                          0x08002dc5   Thumb Code   104  _printf_dec.o(.text)
    _printf_longlong_hex                     0x08002e3d   Thumb Code    86  _printf_hex_int_ll_ptr.o(.text)
    _printf_int_hex                          0x08002e93   Thumb Code    28  _printf_hex_int_ll_ptr.o(.text)
    _printf_ll_hex                           0x08002eaf   Thumb Code    12  _printf_hex_int_ll_ptr.o(.text)
    _printf_hex_ptr                          0x08002ebb   Thumb Code    18  _printf_hex_int_ll_ptr.o(.text)
    __printf                                 0x08002ed1   Thumb Code   388  __printf_flags_ss_wp.o(.text)
    strlen                                   0x08003059   Thumb Code    62  strlen.o(.text)
    __use_two_region_memory                  0x08003097   Thumb Code     2  heapauxi.o(.text)
    __rt_heap_escrow$2region                 0x08003099   Thumb Code     2  heapauxi.o(.text)
    __rt_heap_expand$2region                 0x0800309b   Thumb Code     2  heapauxi.o(.text)
    __I$use$semihosting                      0x0800309d   Thumb Code     0  use_no_semi.o(.text)
    __use_no_semihosting_swi                 0x0800309d   Thumb Code     2  use_no_semi.o(.text)
    _printf_pre_padding                      0x0800309f   Thumb Code    44  _printf_pad.o(.text)
    _printf_post_padding                     0x080030cb   Thumb Code    34  _printf_pad.o(.text)
    _printf_truncate_signed                  0x080030ed   Thumb Code    18  _printf_truncate.o(.text)
    _printf_truncate_unsigned                0x080030ff   Thumb Code    18  _printf_truncate.o(.text)
    _printf_str                              0x08003111   Thumb Code    82  _printf_str.o(.text)
    _printf_int_common                       0x08003163   Thumb Code   178  _printf_intcommon.o(.text)
    _printf_charcount                        0x08003215   Thumb Code    40  _printf_charcount.o(.text)
    _printf_char_common                      0x08003247   Thumb Code    32  _printf_char_common.o(.text)
    _sputc                                   0x0800326d   Thumb Code    10  _sputc.o(.text)
    _printf_char_file                        0x08003279   Thumb Code    32  _printf_char_file.o(.text)
    _printf_wctomb                           0x0800329d   Thumb Code   182  _printf_wctomb.o(.text)
    _printf_longlong_dec                     0x08003359   Thumb Code   108  _printf_longlong_dec.o(.text)
    _printf_longlong_oct                     0x080033d5   Thumb Code    66  _printf_oct_int_ll.o(.text)
    _printf_int_oct                          0x08003417   Thumb Code    24  _printf_oct_int_ll.o(.text)
    _printf_ll_oct                           0x0800342f   Thumb Code    12  _printf_oct_int_ll.o(.text)
    _ll_udiv10                               0x08003445   Thumb Code   138  lludiv10.o(.text)
    __lib_sel_fp_printf                      0x080034cf   Thumb Code     2  _printf_fp_dec.o(.text)
    _printf_fp_dec_real                      0x08003681   Thumb Code   620  _printf_fp_dec.o(.text)
    _printf_fp_hex_real                      0x080038ed   Thumb Code   756  _printf_fp_hex.o(.text)
    _printf_cs_common                        0x08003be9   Thumb Code    20  _printf_char.o(.text)
    _printf_char                             0x08003bfd   Thumb Code    16  _printf_char.o(.text)
    _printf_string                           0x08003c0d   Thumb Code     8  _printf_char.o(.text)
    _printf_lcs_common                       0x08003c15   Thumb Code    20  _printf_wchar.o(.text)
    _printf_wchar                            0x08003c29   Thumb Code    16  _printf_wchar.o(.text)
    _printf_wstring                          0x08003c39   Thumb Code     8  _printf_wchar.o(.text)
    ferror                                   0x08003c41   Thumb Code     8  ferror.o(.text)
    _wcrtomb                                 0x08003c49   Thumb Code    64  _wcrtomb.o(.text)
    __user_setup_stackheap                   0x08003c89   Thumb Code    74  sys_stackheap_outer.o(.text)
    __rt_ctype_table                         0x08003cd5   Thumb Code    16  rt_ctype_table.o(.text)
    __rt_locale                              0x08003ce5   Thumb Code     8  rt_locale_intlibspace.o(.text)
    _printf_fp_infnan                        0x08003ced   Thumb Code   112  _printf_fp_infnan.o(.text)
    _btod_etento                             0x08003d6d   Thumb Code   224  bigflt0.o(.text)
    exit                                     0x08003e51   Thumb Code    18  exit.o(.text)
    __user_libspace                          0x08003e65   Thumb Code     8  libspace.o(.text)
    __user_perproc_libspace                  0x08003e65   Thumb Code     0  libspace.o(.text)
    __user_perthread_libspace                0x08003e65   Thumb Code     0  libspace.o(.text)
    strcmp                                   0x08003e6d   Thumb Code   128  strcmpv7m.o(.text)
    _btod_d2e                                0x08003eed   Thumb Code    62  btod.o(CL$$btod_d2e)
    _d2e_denorm_low                          0x08003f2b   Thumb Code    70  btod.o(CL$$btod_d2e_denorm_low)
    _d2e_norm_op1                            0x08003f71   Thumb Code    96  btod.o(CL$$btod_d2e_norm_op1)
    __btod_div_common                        0x08003fd1   Thumb Code   696  btod.o(CL$$btod_div_common)
    _e2e                                     0x08004309   Thumb Code   220  btod.o(CL$$btod_e2e)
    _btod_ediv                               0x080043e5   Thumb Code    42  btod.o(CL$$btod_ediv)
    _btod_emul                               0x0800440f   Thumb Code    42  btod.o(CL$$btod_emul)
    __btod_mult_common                       0x08004439   Thumb Code   580  btod.o(CL$$btod_mult_common)
    __ARM_fpclassify                         0x0800467d   Thumb Code    40  fpclassify.o(i.__ARM_fpclassify)
    _is_digit                                0x080046a5   Thumb Code    14  __printf_wp.o(i._is_digit)
    _get_lc_numeric                          0x080046b5   Thumb Code    44  lc_numeric_c.o(locale$$code)
    _get_lc_ctype                            0x080046e1   Thumb Code    44  lc_ctype_c.o(locale$$code)
    __aeabi_fadd                             0x0800470d   Thumb Code     0  faddsub_clz.o(x$fpl$fadd)
    _fadd                                    0x0800470d   Thumb Code   196  faddsub_clz.o(x$fpl$fadd)
    __fpl_fcmp_Inf                           0x080047d1   Thumb Code    24  fcmpi.o(x$fpl$fcmpinf)
    __aeabi_fdiv                             0x080047e9   Thumb Code     0  fdiv.o(x$fpl$fdiv)
    _fdiv                                    0x080047e9   Thumb Code   384  fdiv.o(x$fpl$fdiv)
    __aeabi_f2iz                             0x0800496d   Thumb Code     0  ffix.o(x$fpl$ffix)
    _ffix                                    0x0800496d   Thumb Code    54  ffix.o(x$fpl$ffix)
    __aeabi_f2uiz                            0x080049a5   Thumb Code     0  ffixu.o(x$fpl$ffixu)
    _ffixu                                   0x080049a5   Thumb Code    62  ffixu.o(x$fpl$ffixu)
    __aeabi_i2f                              0x080049e5   Thumb Code     0  fflt_clz.o(x$fpl$fflt)
    _fflt                                    0x080049e5   Thumb Code    48  fflt_clz.o(x$fpl$fflt)
    __aeabi_ui2f                             0x08004a15   Thumb Code     0  fflt_clz.o(x$fpl$ffltu)
    _ffltu                                   0x08004a15   Thumb Code    38  fflt_clz.o(x$fpl$ffltu)
    __aeabi_cfcmple                          0x08004a3d   Thumb Code     0  fleqf.o(x$fpl$fleqf)
    _fcmple                                  0x08004a3d   Thumb Code   104  fleqf.o(x$fpl$fleqf)
    __fpl_fcmple_InfNaN                      0x08004a8f   Thumb Code     0  fleqf.o(x$fpl$fleqf)
    __aeabi_fmul                             0x08004aa5   Thumb Code     0  fmul.o(x$fpl$fmul)
    _fmul                                    0x08004aa5   Thumb Code   258  fmul.o(x$fpl$fmul)
    __fpl_fnaninf                            0x08004ba7   Thumb Code   140  fnaninf.o(x$fpl$fnaninf)
    __fpl_fretinf                            0x08004c33   Thumb Code    10  fretinf.o(x$fpl$fretinf)
    __aeabi_cfrcmple                         0x08004c3d   Thumb Code     0  frleqf.o(x$fpl$frleqf)
    _frcmple                                 0x08004c3d   Thumb Code    98  frleqf.o(x$fpl$frleqf)
    __aeabi_fsub                             0x08004ca1   Thumb Code     0  faddsub_clz.o(x$fpl$fsub)
    _fsub                                    0x08004ca1   Thumb Code   234  faddsub_clz.o(x$fpl$fsub)
    _printf_fp_dec                           0x08004d8b   Thumb Code     4  printf1.o(x$fpl$printf1)
    _printf_fp_hex                           0x08004d8f   Thumb Code     4  printf2.o(x$fpl$printf2)
    __I$use$fp                               0x08004d92   Number         0  usenofp.o(x$fpl$usenofp)
    Region$$Table$$Base                      0x08004e90   Number         0  anon$$obj.o(Region$$Table)
    Region$$Table$$Limit                     0x08004eb0   Number         0  anon$$obj.o(Region$$Table)
    __ctype                                  0x08004ed9   Data           0  lc_ctype_c.o(locale$$data)
    SystemCoreClock                          0x20000000   Data           4  system_stm32f10x.o(.data)
    AHBPrescTable                            0x20000004   Data          16  system_stm32f10x.o(.data)
    mean_cnt                                 0x20000028   Data           1  main.o(.data)
    bmp_updata                               0x20000029   Data           1  main.o(.data)
    volt_init_flag                           0x2000002a   Data           2  main.o(.data)
    volt_cnt                                 0x2000002c   Data           2  main.o(.data)
    volt_cnt2                                0x2000002e   Data           2  main.o(.data)
    volt_max                                 0x20000030   Data           4  main.o(.data)
    volt_min                                 0x20000034   Data           4  main.o(.data)
    cnt_time                                 0x2000004c   Data           4  main.o(.data)
    cnt_time_last                            0x20000050   Data           4  main.o(.data)
    cnt_time_last2                           0x20000054   Data           4  main.o(.data)
    cnt_time3                                0x20000058   Data           4  main.o(.data)
    mean_bmp2                                0x2000005c   Data           4  main.o(.data)
    receive_volt                             0x20000060   Data           4  main.o(.data)
    bmp2                                     0x20000064   Data         200  main.o(.data)
    percent                                  0x20000130   Data           1  usart.o(.data)
    hl_num                                   0x20000131   Data           1  usart.o(.data)
    test_flag                                0x20000132   Data           1  usart.o(.data)
    receive_cnt                              0x20000133   Data           1  usart.o(.data)
    USART_RX_STA                             0x20000134   Data           2  usart.o(.data)
    __stdout                                 0x20000138   Data           4  usart.o(.data)
    beep_flag                                0x2000013c   Data           1  timer.o(.data)
    same_threshold_cnt                       0x2000013d   Data           1  timer.o(.data)
    diff_threshold                           0x20000140   Data           4  timer.o(.data)
    diff_threshold_last                      0x20000144   Data           4  timer.o(.data)
    cnt_time2                                0x20000148   Data           4  timer.o(.data)
    Ads1292_Config1                          0x2000014c   Data           1  ads1292.o(.data)
    ads1292_recive_flag                      0x2000014d   Data           1  ads1292.o(.data)
    Ads1292_Ch1set                           0x2000014e   Data           3  ads1292.o(.data)
    Ads1292_Ch2set                           0x20000151   Data           3  ads1292.o(.data)
    Ads1292_Resp2                            0x20000154   Data           3  ads1292.o(.data)
    Ads1292_Resp1                            0x20000157   Data           4  ads1292.o(.data)
    Ads1292_Config2                          0x2000015b   Data           5  ads1292.o(.data)
    Ads1292_Rld_Sens                         0x20000160   Data           6  ads1292.o(.data)
    Ads1292_Loff_Sens                        0x20000166   Data           6  ads1292.o(.data)
    valuepack_tx_bit_index                   0x2000016c   Data           1  valuepack.o(.data)
    valuepack_stage                          0x2000016d   Data           1  valuepack.o(.data)
    valuepack_tx_index                       0x2000016e   Data           2  valuepack.o(.data)
    valuepack_tx_buffer                      0x20000170   Data           4  valuepack.o(.data)
    fi                                       0x20000174   Data           4  valuepack.o(.data)
    uart2_tx_buf                             0x20000178   Data          50  main.o(.bss)
    data_to_send                             0x200001aa   Data          60  main.o(.bss)
    volt                                     0x200001e8   Data          20  main.o(.bss)
    volt_diff                                0x200001fc   Data          20  main.o(.bss)
    volt_diff_diff                           0x20000210   Data          80  main.o(.bss)
    volt_diff_diff_max                       0x20000260   Data          80  main.o(.bss)
    USART_RX_BUF                             0x200002b0   Data         255  usart.o(.bss)
    USART2_TX_BUF                            0x200003af   Data         255  usart.o(.bss)
    receive_buff                             0x200004ae   Data          20  usart.o(.bss)
    ADS1292_REG                              0x200004c2   Data          12  ads1292.o(.bss)
    ads1292_Cache                            0x200004ce   Data           9  ads1292.o(.bss)
    __libspace_start                         0x200004d8   Data          96  libspace.o(.bss)
    __temporary_stack_top$libspace           0x20000538   Data           0  libspace.o(.bss)



==============================================================================

Memory Map of the image

  Image Entry point : 0x080000ed

  Load Region LR_IROM1 (Base: 0x08000000, Size: 0x00005154, Max: 0x00010000, ABSOLUTE, COMPRESSED[0x0000501c])

    Execution Region ER_IROM1 (Exec base: 0x08000000, Load base: 0x08000000, Size: 0x00004fdc, Max: 0x00010000, ABSOLUTE)

    Exec Addr    Load Addr    Size         Type   Attr      Idx    E Section Name        Object

    0x08000000   0x08000000   0x000000ec   Data   RO          105    RESET               startup_stm32f10x_md.o
    0x080000ec   0x080000ec   0x00000008   Code   RO          710  * !!!main             c_w.l(__main.o)
    0x080000f4   0x080000f4   0x00000034   Code   RO         1025    !!!scatter          c_w.l(__scatter.o)
    0x08000128   0x08000128   0x0000005a   Code   RO         1023    !!dczerorl2         c_w.l(__dczerorl2.o)
    0x08000182   0x08000182   0x00000002   PAD
    0x08000184   0x08000184   0x0000001c   Code   RO         1027    !!handler_zi        c_w.l(__scatter_zi.o)
    0x080001a0   0x080001a0   0x00000000   Code   RO          705    .ARM.Collect$$_printf_percent$$00000000  c_w.l(_printf_percent.o)
    0x080001a0   0x080001a0   0x00000006   Code   RO          774    .ARM.Collect$$_printf_percent$$00000001  c_w.l(_printf_n.o)
    0x080001a6   0x080001a6   0x00000006   Code   RO          775    .ARM.Collect$$_printf_percent$$00000002  c_w.l(_printf_p.o)
    0x080001ac   0x080001ac   0x00000006   Code   RO          779    .ARM.Collect$$_printf_percent$$00000003  c_w.l(_printf_f.o)
    0x080001b2   0x080001b2   0x00000006   Code   RO          780    .ARM.Collect$$_printf_percent$$00000004  c_w.l(_printf_e.o)
    0x080001b8   0x080001b8   0x00000006   Code   RO          781    .ARM.Collect$$_printf_percent$$00000005  c_w.l(_printf_g.o)
    0x080001be   0x080001be   0x00000006   Code   RO          782    .ARM.Collect$$_printf_percent$$00000006  c_w.l(_printf_a.o)
    0x080001c4   0x080001c4   0x0000000a   Code   RO          787    .ARM.Collect$$_printf_percent$$00000007  c_w.l(_printf_ll.o)
    0x080001ce   0x080001ce   0x00000006   Code   RO          777    .ARM.Collect$$_printf_percent$$00000008  c_w.l(_printf_i.o)
    0x080001d4   0x080001d4   0x00000006   Code   RO          704    .ARM.Collect$$_printf_percent$$00000009  c_w.l(_printf_d.o)
    0x080001da   0x080001da   0x00000006   Code   RO          778    .ARM.Collect$$_printf_percent$$0000000A  c_w.l(_printf_u.o)
    0x080001e0   0x080001e0   0x00000006   Code   RO          776    .ARM.Collect$$_printf_percent$$0000000B  c_w.l(_printf_o.o)
    0x080001e6   0x080001e6   0x00000006   Code   RO          703    .ARM.Collect$$_printf_percent$$0000000C  c_w.l(_printf_x.o)
    0x080001ec   0x080001ec   0x00000006   Code   RO          784    .ARM.Collect$$_printf_percent$$0000000D  c_w.l(_printf_lli.o)
    0x080001f2   0x080001f2   0x00000006   Code   RO          785    .ARM.Collect$$_printf_percent$$0000000E  c_w.l(_printf_lld.o)
    0x080001f8   0x080001f8   0x00000006   Code   RO          786    .ARM.Collect$$_printf_percent$$0000000F  c_w.l(_printf_llu.o)
    0x080001fe   0x080001fe   0x00000006   Code   RO          791    .ARM.Collect$$_printf_percent$$00000010  c_w.l(_printf_llo.o)
    0x08000204   0x08000204   0x00000006   Code   RO          792    .ARM.Collect$$_printf_percent$$00000011  c_w.l(_printf_llx.o)
    0x0800020a   0x0800020a   0x0000000a   Code   RO          788    .ARM.Collect$$_printf_percent$$00000012  c_w.l(_printf_l.o)
    0x08000214   0x08000214   0x00000006   Code   RO          772    .ARM.Collect$$_printf_percent$$00000013  c_w.l(_printf_c.o)
    0x0800021a   0x0800021a   0x00000006   Code   RO          773    .ARM.Collect$$_printf_percent$$00000014  c_w.l(_printf_s.o)
    0x08000220   0x08000220   0x00000006   Code   RO          789    .ARM.Collect$$_printf_percent$$00000015  c_w.l(_printf_lc.o)
    0x08000226   0x08000226   0x00000006   Code   RO          790    .ARM.Collect$$_printf_percent$$00000016  c_w.l(_printf_ls.o)
    0x0800022c   0x0800022c   0x00000004   Code   RO          783    .ARM.Collect$$_printf_percent$$00000017  c_w.l(_printf_percent_end.o)
    0x08000230   0x08000230   0x00000002   Code   RO          888    .ARM.Collect$$libinit$$00000000  c_w.l(libinit.o)
    0x08000232   0x08000232   0x00000000   Code   RO          904    .ARM.Collect$$libinit$$00000002  c_w.l(libinit2.o)
    0x08000232   0x08000232   0x00000000   Code   RO          906    .ARM.Collect$$libinit$$00000004  c_w.l(libinit2.o)
    0x08000232   0x08000232   0x00000000   Code   RO          909    .ARM.Collect$$libinit$$0000000A  c_w.l(libinit2.o)
    0x08000232   0x08000232   0x00000000   Code   RO          911    .ARM.Collect$$libinit$$0000000C  c_w.l(libinit2.o)
    0x08000232   0x08000232   0x00000000   Code   RO          913    .ARM.Collect$$libinit$$0000000E  c_w.l(libinit2.o)
    0x08000232   0x08000232   0x00000006   Code   RO          914    .ARM.Collect$$libinit$$0000000F  c_w.l(libinit2.o)
    0x08000238   0x08000238   0x00000000   Code   RO          916    .ARM.Collect$$libinit$$00000011  c_w.l(libinit2.o)
    0x08000238   0x08000238   0x0000000c   Code   RO          917    .ARM.Collect$$libinit$$00000012  c_w.l(libinit2.o)
    0x08000244   0x08000244   0x00000000   Code   RO          918    .ARM.Collect$$libinit$$00000013  c_w.l(libinit2.o)
    0x08000244   0x08000244   0x00000000   Code   RO          920    .ARM.Collect$$libinit$$00000015  c_w.l(libinit2.o)
    0x08000244   0x08000244   0x0000000a   Code   RO          921    .ARM.Collect$$libinit$$00000016  c_w.l(libinit2.o)
    0x0800024e   0x0800024e   0x00000000   Code   RO          922    .ARM.Collect$$libinit$$00000017  c_w.l(libinit2.o)
    0x0800024e   0x0800024e   0x00000000   Code   RO          924    .ARM.Collect$$libinit$$00000019  c_w.l(libinit2.o)
    0x0800024e   0x0800024e   0x00000000   Code   RO          926    .ARM.Collect$$libinit$$0000001B  c_w.l(libinit2.o)
    0x0800024e   0x0800024e   0x00000000   Code   RO          928    .ARM.Collect$$libinit$$0000001D  c_w.l(libinit2.o)
    0x0800024e   0x0800024e   0x00000000   Code   RO          930    .ARM.Collect$$libinit$$0000001F  c_w.l(libinit2.o)
    0x0800024e   0x0800024e   0x00000000   Code   RO          932    .ARM.Collect$$libinit$$00000021  c_w.l(libinit2.o)
    0x0800024e   0x0800024e   0x00000000   Code   RO          934    .ARM.Collect$$libinit$$00000023  c_w.l(libinit2.o)
    0x0800024e   0x0800024e   0x00000000   Code   RO          936    .ARM.Collect$$libinit$$00000025  c_w.l(libinit2.o)
    0x0800024e   0x0800024e   0x00000000   Code   RO          940    .ARM.Collect$$libinit$$0000002C  c_w.l(libinit2.o)
    0x0800024e   0x0800024e   0x00000000   Code   RO          942    .ARM.Collect$$libinit$$0000002E  c_w.l(libinit2.o)
    0x0800024e   0x0800024e   0x00000000   Code   RO          944    .ARM.Collect$$libinit$$00000030  c_w.l(libinit2.o)
    0x0800024e   0x0800024e   0x00000000   Code   RO          946    .ARM.Collect$$libinit$$00000032  c_w.l(libinit2.o)
    0x0800024e   0x0800024e   0x00000002   Code   RO          947    .ARM.Collect$$libinit$$00000033  c_w.l(libinit2.o)
    0x08000250   0x08000250   0x00000002   Code   RO          965    .ARM.Collect$$libshutdown$$00000000  c_w.l(libshutdown.o)
    0x08000252   0x08000252   0x00000000   Code   RO          975    .ARM.Collect$$libshutdown$$00000002  c_w.l(libshutdown2.o)
    0x08000252   0x08000252   0x00000000   Code   RO          977    .ARM.Collect$$libshutdown$$00000004  c_w.l(libshutdown2.o)
    0x08000252   0x08000252   0x00000000   Code   RO          980    .ARM.Collect$$libshutdown$$00000007  c_w.l(libshutdown2.o)
    0x08000252   0x08000252   0x00000000   Code   RO          983    .ARM.Collect$$libshutdown$$0000000A  c_w.l(libshutdown2.o)
    0x08000252   0x08000252   0x00000000   Code   RO          985    .ARM.Collect$$libshutdown$$0000000C  c_w.l(libshutdown2.o)
    0x08000252   0x08000252   0x00000000   Code   RO          988    .ARM.Collect$$libshutdown$$0000000F  c_w.l(libshutdown2.o)
    0x08000252   0x08000252   0x00000002   Code   RO          989    .ARM.Collect$$libshutdown$$00000010  c_w.l(libshutdown2.o)
    0x08000254   0x08000254   0x00000000   Code   RO          744    .ARM.Collect$$rtentry$$00000000  c_w.l(__rtentry.o)
    0x08000254   0x08000254   0x00000000   Code   RO          809    .ARM.Collect$$rtentry$$00000002  c_w.l(__rtentry2.o)
    0x08000254   0x08000254   0x00000006   Code   RO          821    .ARM.Collect$$rtentry$$00000004  c_w.l(__rtentry4.o)
    0x0800025a   0x0800025a   0x00000000   Code   RO          811    .ARM.Collect$$rtentry$$00000009  c_w.l(__rtentry2.o)
    0x0800025a   0x0800025a   0x00000004   Code   RO          812    .ARM.Collect$$rtentry$$0000000A  c_w.l(__rtentry2.o)
    0x0800025e   0x0800025e   0x00000000   Code   RO          814    .ARM.Collect$$rtentry$$0000000C  c_w.l(__rtentry2.o)
    0x0800025e   0x0800025e   0x00000008   Code   RO          815    .ARM.Collect$$rtentry$$0000000D  c_w.l(__rtentry2.o)
    0x08000266   0x08000266   0x00000002   Code   RO          896    .ARM.Collect$$rtexit$$00000000  c_w.l(rtexit.o)
    0x08000268   0x08000268   0x00000000   Code   RO          949    .ARM.Collect$$rtexit$$00000002  c_w.l(rtexit2.o)
    0x08000268   0x08000268   0x00000004   Code   RO          950    .ARM.Collect$$rtexit$$00000003  c_w.l(rtexit2.o)
    0x0800026c   0x0800026c   0x00000006   Code   RO          951    .ARM.Collect$$rtexit$$00000004  c_w.l(rtexit2.o)
    0x08000272   0x08000272   0x00000002   PAD
    0x08000274   0x08000274   0x00000158   Code   RO           17    .text               system_stm32f10x.o
    0x080003cc   0x080003cc   0x00000012   Code   RO           84    .text               stm32f10x_it.o
    0x080003de   0x080003de   0x00000002   PAD
    0x080003e0   0x080003e0   0x0000003c   Code   RO          106    .text               startup_stm32f10x_md.o
    0x0800041c   0x0800041c   0x000000b0   Code   RO          110    .text               misc.o
    0x080004cc   0x080004cc   0x00000264   Code   RO          122    .text               stm32f10x_gpio.o
    0x08000730   0x08000730   0x000002b8   Code   RO          134    .text               stm32f10x_rcc.o
    0x080009e8   0x080009e8   0x00000328   Code   RO          148    .text               stm32f10x_usart.o
    0x08000d10   0x08000d10   0x000000e8   Code   RO          160    .text               stm32f10x_exti.o
    0x08000df8   0x08000df8   0x00000274   Code   RO          366    .text               stm32f10x_spi.o
    0x0800106c   0x0800106c   0x00000af0   Code   RO          378    .text               stm32f10x_tim.o
    0x08001b5c   0x08001b5c   0x00000508   Code   RO          440    .text               main.o
    0x08002064   0x08002064   0x000000dc   Code   RO          487    .text               delay.o
    0x08002140   0x08002140   0x00000294   Code   RO          504    .text               usart.o
    0x080023d4   0x080023d4   0x000000cc   Code   RO          536    .text               spi.o
    0x080024a0   0x080024a0   0x00000184   Code   RO          551    .text               timer.o
    0x08002624   0x08002624   0x0000007c   Code   RO          574    .text               dma.o
    0x080026a0   0x080026a0   0x0000003c   Code   RO          586    .text               led.o
    0x080026dc   0x080026dc   0x00000490   Code   RO          598    .text               ads1292.o
    0x08002b6c   0x08002b6c   0x00000218   Code   RO          633    .text               valuepack.o
    0x08002d84   0x08002d84   0x00000002   Code   RO          650    .text               c_w.l(use_no_semi_2.o)
    0x08002d86   0x08002d86   0x00000002   PAD
    0x08002d88   0x08002d88   0x00000024   Code   RO          652    .text               c_w.l(vsprintf.o)
    0x08002dac   0x08002dac   0x00000018   Code   RO          654    .text               c_w.l(__2printf.o)
    0x08002dc4   0x08002dc4   0x00000078   Code   RO          660    .text               c_w.l(_printf_dec.o)
    0x08002e3c   0x08002e3c   0x00000094   Code   RO          680    .text               c_w.l(_printf_hex_int_ll_ptr.o)
    0x08002ed0   0x08002ed0   0x00000188   Code   RO          700    .text               c_w.l(__printf_flags_ss_wp.o)
    0x08003058   0x08003058   0x0000003e   Code   RO          706    .text               c_w.l(strlen.o)
    0x08003096   0x08003096   0x00000006   Code   RO          708    .text               c_w.l(heapauxi.o)
    0x0800309c   0x0800309c   0x00000002   Code   RO          742    .text               c_w.l(use_no_semi.o)
    0x0800309e   0x0800309e   0x0000004e   Code   RO          745    .text               c_w.l(_printf_pad.o)
    0x080030ec   0x080030ec   0x00000024   Code   RO          747    .text               c_w.l(_printf_truncate.o)
    0x08003110   0x08003110   0x00000052   Code   RO          749    .text               c_w.l(_printf_str.o)
    0x08003162   0x08003162   0x000000b2   Code   RO          751    .text               c_w.l(_printf_intcommon.o)
    0x08003214   0x08003214   0x00000028   Code   RO          753    .text               c_w.l(_printf_charcount.o)
    0x0800323c   0x0800323c   0x00000030   Code   RO          755    .text               c_w.l(_printf_char_common.o)
    0x0800326c   0x0800326c   0x0000000a   Code   RO          757    .text               c_w.l(_sputc.o)
    0x08003276   0x08003276   0x00000002   PAD
    0x08003278   0x08003278   0x00000024   Code   RO          759    .text               c_w.l(_printf_char_file.o)
    0x0800329c   0x0800329c   0x000000bc   Code   RO          761    .text               c_w.l(_printf_wctomb.o)
    0x08003358   0x08003358   0x0000007c   Code   RO          764    .text               c_w.l(_printf_longlong_dec.o)
    0x080033d4   0x080033d4   0x00000070   Code   RO          770    .text               c_w.l(_printf_oct_int_ll.o)
    0x08003444   0x08003444   0x0000008a   Code   RO          823    .text               c_w.l(lludiv10.o)
    0x080034ce   0x080034ce   0x0000041e   Code   RO          825    .text               c_w.l(_printf_fp_dec.o)
    0x080038ec   0x080038ec   0x000002fc   Code   RO          827    .text               c_w.l(_printf_fp_hex.o)
    0x08003be8   0x08003be8   0x0000002c   Code   RO          832    .text               c_w.l(_printf_char.o)
    0x08003c14   0x08003c14   0x0000002c   Code   RO          834    .text               c_w.l(_printf_wchar.o)
    0x08003c40   0x08003c40   0x00000008   Code   RO          836    .text               c_w.l(ferror.o)
    0x08003c48   0x08003c48   0x00000040   Code   RO          840    .text               c_w.l(_wcrtomb.o)
    0x08003c88   0x08003c88   0x0000004a   Code   RO          842    .text               c_w.l(sys_stackheap_outer.o)
    0x08003cd2   0x08003cd2   0x00000002   PAD
    0x08003cd4   0x08003cd4   0x00000010   Code   RO          844    .text               c_w.l(rt_ctype_table.o)
    0x08003ce4   0x08003ce4   0x00000008   Code   RO          849    .text               c_w.l(rt_locale_intlibspace.o)
    0x08003cec   0x08003cec   0x00000080   Code   RO          851    .text               c_w.l(_printf_fp_infnan.o)
    0x08003d6c   0x08003d6c   0x000000e4   Code   RO          853    .text               c_w.l(bigflt0.o)
    0x08003e50   0x08003e50   0x00000012   Code   RO          881    .text               c_w.l(exit.o)
    0x08003e62   0x08003e62   0x00000002   PAD
    0x08003e64   0x08003e64   0x00000008   Code   RO          893    .text               c_w.l(libspace.o)
    0x08003e6c   0x08003e6c   0x00000080   Code   RO          901    .text               c_w.l(strcmpv7m.o)
    0x08003eec   0x08003eec   0x0000003e   Code   RO          856    CL$$btod_d2e        c_w.l(btod.o)
    0x08003f2a   0x08003f2a   0x00000046   Code   RO          858    CL$$btod_d2e_denorm_low  c_w.l(btod.o)
    0x08003f70   0x08003f70   0x00000060   Code   RO          857    CL$$btod_d2e_norm_op1  c_w.l(btod.o)
    0x08003fd0   0x08003fd0   0x00000338   Code   RO          866    CL$$btod_div_common  c_w.l(btod.o)
    0x08004308   0x08004308   0x000000dc   Code   RO          863    CL$$btod_e2e        c_w.l(btod.o)
    0x080043e4   0x080043e4   0x0000002a   Code   RO          860    CL$$btod_ediv       c_w.l(btod.o)
    0x0800440e   0x0800440e   0x0000002a   Code   RO          859    CL$$btod_emul       c_w.l(btod.o)
    0x08004438   0x08004438   0x00000244   Code   RO          865    CL$$btod_mult_common  c_w.l(btod.o)
    0x0800467c   0x0800467c   0x00000028   Code   RO          891    i.__ARM_fpclassify  m_ws.l(fpclassify.o)
    0x080046a4   0x080046a4   0x0000000e   Code   RO          693    i._is_digit         c_w.l(__printf_wp.o)
    0x080046b2   0x080046b2   0x00000002   PAD
    0x080046b4   0x080046b4   0x0000002c   Code   RO          879    locale$$code        c_w.l(lc_numeric_c.o)
    0x080046e0   0x080046e0   0x0000002c   Code   RO          899    locale$$code        c_w.l(lc_ctype_c.o)
    0x0800470c   0x0800470c   0x000000c4   Code   RO          712    x$fpl$fadd          fz_ws.l(faddsub_clz.o)
    0x080047d0   0x080047d0   0x00000018   Code   RO          793    x$fpl$fcmpinf       fz_ws.l(fcmpi.o)
    0x080047e8   0x080047e8   0x00000184   Code   RO          719    x$fpl$fdiv          fz_ws.l(fdiv.o)
    0x0800496c   0x0800496c   0x00000036   Code   RO          722    x$fpl$ffix          fz_ws.l(ffix.o)
    0x080049a2   0x080049a2   0x00000002   PAD
    0x080049a4   0x080049a4   0x0000003e   Code   RO          726    x$fpl$ffixu         fz_ws.l(ffixu.o)
    0x080049e2   0x080049e2   0x00000002   PAD
    0x080049e4   0x080049e4   0x00000030   Code   RO          731    x$fpl$fflt          fz_ws.l(fflt_clz.o)
    0x08004a14   0x08004a14   0x00000026   Code   RO          730    x$fpl$ffltu         fz_ws.l(fflt_clz.o)
    0x08004a3a   0x08004a3a   0x00000002   PAD
    0x08004a3c   0x08004a3c   0x00000068   Code   RO          736    x$fpl$fleqf         fz_ws.l(fleqf.o)
    0x08004aa4   0x08004aa4   0x00000102   Code   RO          738    x$fpl$fmul          fz_ws.l(fmul.o)
    0x08004ba6   0x08004ba6   0x0000008c   Code   RO          795    x$fpl$fnaninf       fz_ws.l(fnaninf.o)
    0x08004c32   0x08004c32   0x0000000a   Code   RO          797    x$fpl$fretinf       fz_ws.l(fretinf.o)
    0x08004c3c   0x08004c3c   0x00000062   Code   RO          740    x$fpl$frleqf        fz_ws.l(frleqf.o)
    0x08004c9e   0x08004c9e   0x00000002   PAD
    0x08004ca0   0x08004ca0   0x000000ea   Code   RO          714    x$fpl$fsub          fz_ws.l(faddsub_clz.o)
    0x08004d8a   0x08004d8a   0x00000004   Code   RO          799    x$fpl$printf1       fz_ws.l(printf1.o)
    0x08004d8e   0x08004d8e   0x00000004   Code   RO          801    x$fpl$printf2       fz_ws.l(printf2.o)
    0x08004d92   0x08004d92   0x00000000   Code   RO          807    x$fpl$usenofp       fz_ws.l(usenofp.o)
    0x08004d92   0x08004d92   0x00000028   Data   RO          681    .constdata          c_w.l(_printf_hex_int_ll_ptr.o)
    0x08004dba   0x08004dba   0x00000011   Data   RO          701    .constdata          c_w.l(__printf_flags_ss_wp.o)
    0x08004dcb   0x08004dcb   0x00000001   PAD
    0x08004dcc   0x08004dcc   0x00000008   Data   RO          762    .constdata          c_w.l(_printf_wctomb.o)
    0x08004dd4   0x08004dd4   0x00000026   Data   RO          828    .constdata          c_w.l(_printf_fp_hex.o)
    0x08004dfa   0x08004dfa   0x00000002   PAD
    0x08004dfc   0x08004dfc   0x00000094   Data   RO          854    .constdata          c_w.l(bigflt0.o)
    0x08004e90   0x08004e90   0x00000020   Data   RO         1021    Region$$Table       anon$$obj.o
    0x08004eb0   0x08004eb0   0x0000001c   Data   RO          878    locale$$data        c_w.l(lc_numeric_c.o)
    0x08004ecc   0x08004ecc   0x00000110   Data   RO          898    locale$$data        c_w.l(lc_ctype_c.o)


    Execution Region RW_IRAM1 (Exec base: 0x20000000, Load base: 0x08004fdc, Size: 0x00000738, Max: 0x00005000, ABSOLUTE, COMPRESSED[0x00000040])

    Exec Addr    Load Addr    Size         Type   Attr      Idx    E Section Name        Object

    0x20000000   COMPRESSED   0x00000014   Data   RW           18    .data               system_stm32f10x.o
    0x20000014   COMPRESSED   0x00000014   Data   RW          135    .data               stm32f10x_rcc.o
    0x20000028   COMPRESSED   0x00000104   Data   RW          442    .data               main.o
    0x2000012c   COMPRESSED   0x00000004   Data   RW          488    .data               delay.o
    0x20000130   COMPRESSED   0x00000006   Data   RW          507    .data               usart.o
    0x20000136   COMPRESSED   0x00000002   PAD
    0x20000138   COMPRESSED   0x00000004   Data   RW          509    .data               usart.o
    0x2000013c   COMPRESSED   0x00000010   Data   RW          552    .data               timer.o
    0x2000014c   COMPRESSED   0x00000020   Data   RW          600    .data               ads1292.o
    0x2000016c   COMPRESSED   0x0000000c   Data   RW          634    .data               valuepack.o
    0x20000178        -       0x00000138   Zero   RW          441    .bss                main.o
    0x200002b0        -       0x00000212   Zero   RW          505    .bss                usart.o
    0x200004c2        -       0x00000015   Zero   RW          599    .bss                ads1292.o
    0x200004d7   COMPRESSED   0x00000001   PAD
    0x200004d8        -       0x00000060   Zero   RW          894    .bss                c_w.l(libspace.o)
    0x20000538        -       0x00000000   Zero   RW          104    HEAP                startup_stm32f10x_md.o
    0x20000538        -       0x00000200   Zero   RW          103    STACK               startup_stm32f10x_md.o


==============================================================================

Image component sizes


      Code (inc. data)   RO Data    RW Data    ZI Data      Debug   Object Name

      1168        120          0         32         21       8301   ads1292.o
         0          0          0          0          0       4532   core_cm3.o
       220         12          0          4          0       1247   delay.o
       124          6          0          0          0       1164   dma.o
        60          8          0          0          0        463   led.o
      1288        154          0        260        312       4397   main.o
       176         14          0          0          0       1889   misc.o
       204         10          0          0          0        935   spi.o
        60         22        236          0        512        784   startup_stm32f10x_md.o
       232          8          0          0          0       2395   stm32f10x_exti.o
       612         36          0          0          0       6017   stm32f10x_gpio.o
        18          0          0          0          0       1170   stm32f10x_it.o
       696         32          0         20          0       8984   stm32f10x_rcc.o
       628         14          0          0          0       7038   stm32f10x_spi.o
      2800         84          0          0          0      23954   stm32f10x_tim.o
       808         22          0          0          0       8876   stm32f10x_usart.o
       344         34          0         20          0     257723   system_stm32f10x.o
       388         14          0         16          0       1794   timer.o
       660         26          0         10        530       5346   usart.o
       536         14          0         12          0       2759   valuepack.o

    ----------------------------------------------------------------------
     11024        630        268        376       1376     349768   Object Totals
         0          0         32          0          0          0   (incl. Generated)
         2          0          0          2          1          0   (incl. Padding)

    ----------------------------------------------------------------------

      Code (inc. data)   RO Data    RW Data    ZI Data      Debug   Library Member Name

        24          4          0          0          0         84   __2printf.o
        90          0          0          0          0          0   __dczerorl2.o
         8          0          0          0          0         68   __main.o
       392          4         17          0          0         92   __printf_flags_ss_wp.o
        14          0          0          0          0         68   __printf_wp.o
         0          0          0          0          0          0   __rtentry.o
        12          0          0          0          0          0   __rtentry2.o
         6          0          0          0          0          0   __rtentry4.o
        52          8          0          0          0          0   __scatter.o
        28          0          0          0          0          0   __scatter_zi.o
         6          0          0          0          0          0   _printf_a.o
         6          0          0          0          0          0   _printf_c.o
        44          0          0          0          0        108   _printf_char.o
        48          6          0          0          0         96   _printf_char_common.o
        36          4          0          0          0         80   _printf_char_file.o
        40          0          0          0          0         68   _printf_charcount.o
         6          0          0          0          0          0   _printf_d.o
       120         16          0          0          0         92   _printf_dec.o
         6          0          0          0          0          0   _printf_e.o
         6          0          0          0          0          0   _printf_f.o
      1054          0          0          0          0        216   _printf_fp_dec.o
       764          8         38          0          0        100   _printf_fp_hex.o
       128         16          0          0          0         84   _printf_fp_infnan.o
         6          0          0          0          0          0   _printf_g.o
       148          4         40          0          0        160   _printf_hex_int_ll_ptr.o
         6          0          0          0          0          0   _printf_i.o
       178          0          0          0          0         88   _printf_intcommon.o
        10          0          0          0          0          0   _printf_l.o
         6          0          0          0          0          0   _printf_lc.o
        10          0          0          0          0          0   _printf_ll.o
         6          0          0          0          0          0   _printf_lld.o
         6          0          0          0          0          0   _printf_lli.o
         6          0          0          0          0          0   _printf_llo.o
         6          0          0          0          0          0   _printf_llu.o
         6          0          0          0          0          0   _printf_llx.o
       124         16          0          0          0         92   _printf_longlong_dec.o
         6          0          0          0          0          0   _printf_ls.o
         6          0          0          0          0          0   _printf_n.o
         6          0          0          0          0          0   _printf_o.o
       112         10          0          0          0        124   _printf_oct_int_ll.o
         6          0          0          0          0          0   _printf_p.o
        78          0          0          0          0        108   _printf_pad.o
         0          0          0          0          0          0   _printf_percent.o
         4          0          0          0          0          0   _printf_percent_end.o
         6          0          0          0          0          0   _printf_s.o
        82          0          0          0          0         80   _printf_str.o
        36          0          0          0          0         84   _printf_truncate.o
         6          0          0          0          0          0   _printf_u.o
        44          0          0          0          0        108   _printf_wchar.o
       188          6          8          0          0         92   _printf_wctomb.o
         6          0          0          0          0          0   _printf_x.o
        10          0          0          0          0         68   _sputc.o
        64          0          0          0          0         92   _wcrtomb.o
       228          4        148          0          0         96   bigflt0.o
      1936        128          0          0          0        672   btod.o
        18          0          0          0          0         80   exit.o
         8          0          0          0          0         68   ferror.o
         6          0          0          0          0        152   heapauxi.o
        44         10        272          0          0         76   lc_ctype_c.o
        44         10         28          0          0         76   lc_numeric_c.o
         2          0          0          0          0          0   libinit.o
        30          0          0          0          0          0   libinit2.o
         2          0          0          0          0          0   libshutdown.o
         2          0          0          0          0          0   libshutdown2.o
         8          4          0          0         96         68   libspace.o
       138          0          0          0          0         80   lludiv10.o
        16          4          0          0          0         76   rt_ctype_table.o
         8          4          0          0          0         68   rt_locale_intlibspace.o
         2          0          0          0          0          0   rtexit.o
        10          0          0          0          0          0   rtexit2.o
       128          0          0          0          0         68   strcmpv7m.o
        62          0          0          0          0         76   strlen.o
        74          0          0          0          0         80   sys_stackheap_outer.o
         2          0          0          0          0         68   use_no_semi.o
         2          0          0          0          0         68   use_no_semi_2.o
        36          4          0          0          0         76   vsprintf.o
       430          8          0          0          0        168   faddsub_clz.o
        24          0          0          0          0         68   fcmpi.o
       388         76          0          0          0         96   fdiv.o
        54          4          0          0          0         84   ffix.o
        62          4          0          0          0         84   ffixu.o
        86          0          0          0          0        136   fflt_clz.o
       104          4          0          0          0         84   fleqf.o
       258          4          0          0          0         84   fmul.o
       140          4          0          0          0         84   fnaninf.o
        10          0          0          0          0         68   fretinf.o
        98          0          0          0          0         68   frleqf.o
         4          0          0          0          0         68   printf1.o
         4          0          0          0          0         68   printf2.o
         0          0          0          0          0          0   usenofp.o
        40          0          0          0          0         68   fpclassify.o

    ----------------------------------------------------------------------
      8598        374        554          0         96       5428   Library Totals
        22          0          3          0          0          0   (incl. Padding)

    ----------------------------------------------------------------------

      Code (inc. data)   RO Data    RW Data    ZI Data      Debug   Library Name

      6874        270        551          0         96       4200   c_w.l
      1662        104          0          0          0       1160   fz_ws.l
        40          0          0          0          0         68   m_ws.l

    ----------------------------------------------------------------------
      8598        374        554          0         96       5428   Library Totals

    ----------------------------------------------------------------------

==============================================================================


      Code (inc. data)   RO Data    RW Data    ZI Data      Debug   

     19622       1004        822        376       1472     349680   Grand Totals
     19622       1004        822         64       1472     349680   ELF Image Totals (compressed)
     19622       1004        822         64          0          0   ROM Totals

==============================================================================

    Total RO  Size (Code + RO Data)                20444 (  19.96kB)
    Total RW  Size (RW Data + ZI Data)              1848 (   1.80kB)
    Total ROM Size (Code + RO Data + RW Data)      20508 (  20.03kB)

==============================================================================

